BL51 BANKED LINKER/LOCATER V6.22                                                        09/16/2021  09:34:43  PAGE 1


BL51 BANKED LINKER/LOCATER V6.22, INVOKED BY:
D:\KEIL\C51\BIN\BL51.EXE .\output\main.obj, .\source\STCBSP_V3.4.LIB TO .\output\STC_DemoV3 PRINT (.\list\STC_DemoV3.m51
>> ) RAMSIZE (256) XDATA (0X0000-0X07FF)


MEMORY MODEL: SMALL WITH FLOATING POINT ARITHMETIC


INPUT MODULES INCLUDED:
  .\output\main.obj (MAIN)
  .\source\STCBSP_V3.4.LIB (ADC)
  .\source\STCBSP_V3.4.LIB (BEEP)
  .\source\STCBSP_V3.4.LIB (DISPLAYER)
  .\source\STCBSP_V3.4.LIB (HALL)
  .\source\STCBSP_V3.4.LIB (KEY)
  .\source\STCBSP_V3.4.LIB (SYS)
  .\source\STCBSP_V3.4.LIB (VIB)
  .\source\STCBSP_V3.4.LIB (DS1302)
  .\source\STCBSP_V3.4.LIB (M24C02)
  .\source\STCBSP_V3.4.LIB (EXT)
  .\source\STCBSP_V3.4.LIB (IR)
  .\source\STCBSP_V3.4.LIB (UART2)
  .\source\STCBSP_V3.4.LIB (UART1)
  D:\KEIL\C51\LIB\C51FPS.LIB (?C?FPMUL)
  D:\KEIL\C51\LIB\C51FPS.LIB (?C?FPCMP)
  D:\KEIL\C51\LIB\C51FPS.LIB (?C?FCAST)
  D:\KEIL\C51\LIB\C51FPS.LIB (?C?FPGETOPN)
  D:\KEIL\C51\LIB\C51S.LIB (?C_STARTUP)
  D:\KEIL\C51\LIB\C51S.LIB (?C?COPY)
  D:\KEIL\C51\LIB\C51S.LIB (?C?CLDOPTR)
  D:\KEIL\C51\LIB\C51S.LIB (?C?CSTOPTR)
  D:\KEIL\C51\LIB\C51S.LIB (?C?UIDIV)
  D:\KEIL\C51\LIB\C51S.LIB (?C?SIDIV)
  D:\KEIL\C51\LIB\C51S.LIB (?C?IILDX)
  D:\KEIL\C51\LIB\C51S.LIB (?C?ILDIX)
  D:\KEIL\C51\LIB\C51S.LIB (?C?LMUL)
  D:\KEIL\C51\LIB\C51S.LIB (?C?ULDIV)
  D:\KEIL\C51\LIB\C51S.LIB (?C?SLDIV)
  D:\KEIL\C51\LIB\C51S.LIB (?C?LNEG)
  D:\KEIL\C51\LIB\C51S.LIB (?C?ULSHR)
  D:\KEIL\C51\LIB\C51S.LIB (?C?SLSHR)
  D:\KEIL\C51\LIB\C51S.LIB (?C?LSHL)
  D:\KEIL\C51\LIB\C51S.LIB (?C?LLDCODE)
  D:\KEIL\C51\LIB\C51S.LIB (?C?LSTXDATA)
  D:\KEIL\C51\LIB\C51S.LIB (?C?OFFXADD)
  D:\KEIL\C51\LIB\C51S.LIB (?C?ICALL)
  D:\KEIL\C51\LIB\C51S.LIB (?C_IBP)
  D:\KEIL\C51\LIB\C51S.LIB (?C_INIT)


LINK MAP OF MODULE:  .\output\STC_DemoV3 (MAIN)


            TYPE    BASE      LENGTH    RELOCATION   SEGMENT NAME
            -----------------------------------------------------

            * * * * * * *   D A T A   M E M O R Y   * * * * * * *
            REG     0000H     0008H     ABSOLUTE     "REG BANK 0"
BL51 BANKED LINKER/LOCATER V6.22                                                      09/16/2021  09:34:43  PAGE 2


            DATA    0008H     0014H     UNIT         ?DT?SYS
            DATA    001CH     0004H     UNIT         ?DT?_SETPWM?EXT
            BIT     0020H.0   0001H.4   UNIT         ?BI?SYS
            BIT     0021H.4   0000H.1   UNIT         ?BI?ADC
            BIT     0021H.5   0000H.1   UNIT         ?BI?UART2
                    0021H.6   0000H.2                *** GAP ***
            DATA    0022H     0035H     UNIT         ?DT?MAIN
            DATA    0057H     0011H     UNIT         _DATA_GROUP_
            DATA    0068H     0006H     UNIT         ?DT?EXT
            DATA    006EH     0002H     UNIT         ?DT?ADC
            DATA    0070H     0002H     UNIT         ?DT?GETULTRASONIC?SYS
            DATA    0072H     0002H     UNIT         ?DT?IR
            DATA    0074H     0001H     UNIT         ?DT?HALL
            DATA    0075H     0001H     UNIT         ?DT?KEY
            DATA    0076H     0001H     UNIT         ?DT?VIB
            DATA    0077H     0001H     UNIT         ?C?LIB_DATA
            IDATA   0078H     0001H     UNIT         ?STACK

            * * * * * * *  X D A T A   M E M O R Y  * * * * * * *
            XDATA   0000H     006EH     UNIT         ?XD?SYS
            XDATA   006EH     001EH     UNIT         ?XD?ADC
            XDATA   008CH     0017H     UNIT         ?XD?UART2
            XDATA   00A3H     0017H     UNIT         ?XD?UART1
            XDATA   00BAH     000CH     UNIT         ?XD?DISPLAYER
            XDATA   00C6H     000BH     UNIT         ?XD?EXT
            XDATA   00D1H     000AH     UNIT         ?XD?KEY
            XDATA   00DBH     0009H     UNIT         ?XD?DS1302
            XDATA   00E4H     0004H     UNIT         ?XD?HALL
            XDATA   00E8H     0001H     UNIT         ?XD?VIB

            * * * * * * *   C O D E   M E M O R Y   * * * * * * *
            CODE    0000H     0003H     ABSOLUTE     
            CODE    0003H     0008H     UNIT         ?PR?GETHALLACT?HALL
            CODE    000BH     0003H     ABSOLUTE     
            CODE    000EH     0015H     UNIT         ?PR?DEALWITHMYKN?MAIN
            CODE    0023H     0003H     ABSOLUTE     
            CODE    0026H     0003H     UNIT         ?PR?MYIRRXD_CALLBACK?MAIN
            CODE    0029H     0001H     UNIT         ?PR?MY1MS_CALLBACK?MAIN
            CODE    002AH     0001H     UNIT         ?PR?MY10MS_CALLBACK?MAIN
            CODE    002BH     0003H     ABSOLUTE     
            CODE    002EH     000DH     UNIT         ?PR?_?SYS_SV_DRV?VIB
            CODE    003BH     0003H     ABSOLUTE     
            CODE    003EH     0003H     UNIT         ?PR?MYKN_CALLBACK?MAIN
            CODE    0041H     0001H     UNIT         ?PR?MYADC_CALLBACK?MAIN
            CODE    0042H     0001H     UNIT         ?PR?_?NULLFUNC?SYS
            CODE    0043H     0003H     ABSOLUTE     
            CODE    0046H     000DH     UNIT         ?PR?STOP?M24C02
            CODE    0053H     0003H     ABSOLUTE     
            CODE    0056H     0596H     UNIT         ?C?LIB_CODE
            CODE    05ECH     03F6H     UNIT         ?PR?DEALWITHDISP?MAIN
            CODE    09E2H     01ACH     UNIT         ?PR?_?SYS_ADC_DRV?ADC
            CODE    0B8EH     0129H     UNIT         ?C_INITSEG
            CODE    0CB7H     0123H     UNIT         ?PR?_?SYS_KEY_DRV?KEY
            CODE    0DDAH     011DH     UNIT         ?PR?UART2_ISR?UART2
            CODE    0EF7H     0112H     UNIT         ?PR?UART1_ISR?UART1
            CODE    1009H     00FEH     UNIT         ?PR?DS1302INIT?DS1302
            CODE    1107H     00EEH     UNIT         ?PR?MAIN?MAIN
BL51 BANKED LINKER/LOCATER V6.22                                                      09/16/2021  09:34:43  PAGE 3


            CODE    11F5H     00E9H     UNIT         ?PR?_?SYS_DISPLAY_DRV?DISPLAYER
            CODE    12DEH     00E7H     UNIT         ?PR?_?SYS_EXT_DRV?EXT
            CODE    13C5H     00CDH     UNIT         ?PR?SYS_TASK_1MS?SYS
            CODE    1492H     00A8H     UNIT         ?PR?SYS_CCP_ISR?SYS
            CODE    153AH     00A5H     UNIT         ?PR?_?SYS_DS1302_DRV?DS1302
            CODE    15DFH     00A3H     UNIT         ?PR?_UART2INIT?UART2
            CODE    1682H     0093H     UNIT         ?PR?SYS_TASK_10MS?SYS
            CODE    1715H     0090H     UNIT         ?PR?_SETPWM?EXT
            CODE    17A5H     008CH     UNIT         ?C_C51STARTUP
            CODE    1831H     008BH     UNIT         ?PR?SYS_TASK_IR?SYS
            CODE    18BCH     0089H     UNIT         ?PR?_UART1INIT?UART1
            CODE    1945H     0085H     UNIT         ?PR?_EDITRXDBYTEMP_ROP?MAIN
            CODE    19CAH     007DH     UNIT         ?PR?_SETEVENTCALLBACK?SYS
            CODE    1A47H     0078H     UNIT         ?PR?_SETBEEP?BEEP
            CODE    1ABFH     0065H     UNIT         ?PR?SYS_IRRXD_ISR?IR
            CODE    1B24H     0059H     UNIT         ?PR?READCOUNT?EXT
            CODE    1B7DH     0053H     UNIT         ?PR?GETULTRASONIC?SYS
            CODE    1BD0H     004EH     UNIT         ?PR?SYS_TIMER0_ISR?SYS
            CODE    1C1EH     0047H     UNIT         ?PR?SYS_TIMER0_INIT?SYS
            CODE    1C65H     0046H     UNIT         ?PR?_GETADCNAVACT?ADC
            CODE    1CABH     0046H     UNIT         ?PR?_?SYS_HALL_DRV?HALL
            CODE    1CF1H     0044H     UNIT         ?C?LDIV
            CODE    1D35H     0040H     UNIT         ?PR?_GETKEYACT?KEY
            CODE    1D75H     003FH     UNIT         ?PR?SYS_TASK_100MS?SYS
            CODE    1DB4H     003FH     UNIT         ?PR?_IRPRINT?IR
            CODE    1DF3H     003EH     UNIT         ?PR?MYSTC_OS?SYS
            CODE    1E31H     0036H     UNIT         ?PR?_EXTINIT?EXT
            CODE    1E67H     0033H     UNIT         ?PR?_SETUART2RXD?UART2
            CODE    1E9AH     0033H     UNIT         ?PR?_SETUART1RXD?UART1
            CODE    1ECDH     0031H     UNIT         ?PR?_ADCINIT?ADC
            CODE    1EFEH     0031H     UNIT         ?PR?_IRTXDSET?IR
            CODE    1F2FH     002EH     UNIT         ?PR?_DS1302READ?DS1302
            CODE    1F5DH     002EH     UNIT         ?PR?_UART2PRINT?UART2
            CODE    1F8BH     002BH     UNIT         ?PR?DEALWITHMYKEY?MAIN
            CODE    1FB6H     002BH     UNIT         ?PR?SYS_TASK_1S?SYS
            CODE    1FE1H     0029H     UNIT         ?PR?_NVM_WRITE?DS1302
            CODE    200AH     0028H     UNIT         ?PR?MY100MS_CALLBACK?MAIN
            CODE    2032H     0028H     UNIT         ?PR?_?SYS_BEEP_DRV?BEEP
            CODE    205AH     0028H     UNIT         ?PR?_UART1PRINT?UART1
            CODE    2082H     0026H     UNIT         ?PR?MY1S_CALLBACK?MAIN
            CODE    20A8H     0024H     UNIT         ?CO?MAIN
            CODE    20CCH     0024H     UNIT         ?PR?RESPONS?M24C02
            CODE    20F0H     0024H     UNIT         ?PR?_WRITEBYTE?M24C02
            CODE    2114H     0022H     UNIT         ?PR?READBYTE?M24C02
            CODE    2136H     0020H     UNIT         ?PR?BEEPINIT?BEEP
            CODE    2156H     0020H     UNIT         ?PR?_SEG7PRINT?DISPLAYER
            CODE    2176H     0020H     UNIT         ?PR?_DS1302WRITE?DS1302
            CODE    2196H     001DH     UNIT         ?PR?_DIST?MAIN
            CODE    21B3H     001DH     UNIT         ?PR?HALLINIT?HALL
            CODE    21D0H     001DH     UNIT         ?PR?KEY_INIT?KEY
            CODE    21EDH     001DH     UNIT         ?PR?VIBINIT?VIB
            CODE    220AH     001CH     UNIT         ?PR?_M24C02_READ?M24C02
            CODE    2226H     001CH     UNIT         ?PR?GETIRSTATUS?IR
            CODE    2242H     001BH     UNIT         ?PR?DISPLAYERINIT?DISPLAYER
            CODE    225DH     0019H     UNIT         ?PR?_DS1302WRITEBYTE?DS1302
            CODE    2276H     0019H     UNIT         ?PR?RTC_WRITE?DS1302
            CODE    228FH     0018H     UNIT         ?PR?DS1302READBYTE?DS1302
BL51 BANKED LINKER/LOCATER V6.22                                                      09/16/2021  09:34:43  PAGE 4


            CODE    22A7H     0015H     UNIT         ?PR?MYUART2RXD_CALLBACK?MAIN
            CODE    22BCH     0015H     UNIT         ?PR?_M24C02_WRITE?M24C02
            CODE    22D1H     0014H     UNIT         ?PR?MYUART1RXD_CALLBACK?MAIN
            CODE    22E5H     0012H     UNIT         ?PR?MYHALL_CALLBACK?MAIN
            CODE    22F7H     0012H     UNIT         ?PR?_NVM_READ?DS1302
            CODE    2309H     0011H     UNIT         ?PR?_SETCCP0?SYS
            CODE    231AH     0010H     UNIT         ?PR?START?M24C02
            CODE    232AH     0010H     UNIT         ?PR?GETDECODE?EXT
            CODE    233AH     0010H     UNIT         ?PR?_IRINIT?IR
            CODE    234AH     000FH     UNIT         ?PR?_?GETVIBACT?VIB
            CODE    2359H     000FH     UNIT         ?PR?_?SYS_GET_UART2RXDEVENT?UART2
            CODE    2368H     000FH     UNIT         ?PR?_?SYS_GET_UART1RXDEVENT?UART1
            CODE    2377H     000EH     UNIT         ?PR?_?SYS_GET_KNEVENT?ADC
            CODE    2385H     000EH     UNIT         ?PR?_?SYS_GET_EXTADCEVENT?ADC
            CODE    2393H     000EH     UNIT         ?PR?_?SYS_GET_HALLEVENT?HALL
            CODE    23A1H     000EH     UNIT         ?PR?_?SYS_GET_KEYEVENT?KEY
            CODE    23AFH     000EH     UNIT         ?PR?_?SYS_GET_SVEVENT?VIB
            CODE    23BDH     000CH     UNIT         ?PR?GETBEEPSTATUS?BEEP
            CODE    23C9H     000BH     UNIT         ?PR?GETUART2TXSTATUS?UART2
            CODE    23D4H     000BH     UNIT         ?PR?GETUART1TXSTATUS?UART1
            CODE    23DFH     0009H     UNIT         ?CO?ADC
            CODE    23E8H     0009H     UNIT         ?PR?_SETDISPLAYERAREA?DISPLAYER
            CODE    23F1H     0009H     UNIT         ?PR?GETBEEPTIMER?SYS
            CODE    23FAH     0009H     UNIT         ?PR?_SETBEEPTIMER?SYS
            CODE    2403H     0009H     UNIT         ?PR?GETWEIGHT?EXT
            CODE    240CH     0007H     UNIT         ?PR?GETADC?ADC
            CODE    2413H     0007H     UNIT         ?PR?GETSYSPERFORMANCE?SYS
            CODE    241AH     0007H     UNIT         ?PR?RTC_READ?DS1302
            CODE    2421H     0007H     UNIT         ?PR?_SETIRRXD?IR
            CODE    2428H     0006H     UNIT         ?PR?ADC_ISR?ADC
            CODE    242EH     0006H     UNIT         ?PR?_LEDPRINT?DISPLAYER
            CODE    2434H     0006H     UNIT         ?PR?MYSTC_INIT?SYS
            CODE    243AH     0003H     UNIT         ?PR?MYKEY_CALLBACK?MAIN
            CODE    243DH     0003H     UNIT         ?PR?_?RET0FUNC?SYS
            CODE    2440H     0003H     UNIT         ?PR?CLRBEEPPIN?SYS
            CODE    2443H     0003H     UNIT         ?PR?GETIRRXNUM?IR
            CODE    2446H     0001H     UNIT         ?PR?_?NULLFUNC0?UART2



OVERLAY MAP OF MODULE:   .\output\STC_DemoV3 (MAIN)


SEGMENT                                     DATA_GROUP 
  +--> CALLED SEGMENT                     START    LENGTH
---------------------------------------------------------
?C_C51STARTUP                             -----    -----
  +--> ?PR?MAIN?MAIN
  +--> ?C_INITSEG

?PR?MAIN?MAIN                             -----    -----
  +--> ?PR?KEY_INIT?KEY
  +--> ?PR?HALLINIT?HALL
  +--> ?PR?VIBINIT?VIB
  +--> ?PR?DISPLAYERINIT?DISPLAYER
  +--> ?PR?_ADCINIT?ADC
  +--> ?PR?DS1302INIT?DS1302
BL51 BANKED LINKER/LOCATER V6.22                                                      09/16/2021  09:34:43  PAGE 5


  +--> ?PR?_IRINIT?IR
  +--> ?PR?_UART1INIT?UART1
  +--> ?PR?_UART2INIT?UART2
  +--> ?PR?MYKEY_CALLBACK?MAIN
  +--> ?PR?_SETEVENTCALLBACK?SYS
  +--> ?PR?MY1MS_CALLBACK?MAIN
  +--> ?PR?MY10MS_CALLBACK?MAIN
  +--> ?PR?MY100MS_CALLBACK?MAIN
  +--> ?PR?MY1S_CALLBACK?MAIN
  +--> ?PR?MYHALL_CALLBACK?MAIN
  +--> ?PR?MYKN_CALLBACK?MAIN
  +--> ?PR?MYADC_CALLBACK?MAIN
  +--> ?PR?_SETDISPLAYERAREA?DISPLAYER
  +--> ?PR?_SETUART1RXD?UART1
  +--> ?PR?_SETUART2RXD?UART2
  +--> ?PR?_SETIRRXD?IR
  +--> ?PR?_M24C02_READ?M24C02
  +--> ?PR?_LEDPRINT?DISPLAYER
  +--> ?PR?MYSTC_INIT?SYS
  +--> ?PR?MYSTC_OS?SYS

?PR?KEY_INIT?KEY                          -----    -----
  +--> ?PR?_?SYS_GET_KEYEVENT?KEY
  +--> ?PR?_?SYS_KEY_DRV?KEY

?PR?HALLINIT?HALL                         -----    -----
  +--> ?PR?_?SYS_GET_HALLEVENT?HALL
  +--> ?PR?_?SYS_HALL_DRV?HALL

?PR?VIBINIT?VIB                           -----    -----
  +--> ?PR?_?SYS_GET_SVEVENT?VIB
  +--> ?PR?_?SYS_SV_DRV?VIB

?PR?DISPLAYERINIT?DISPLAYER               -----    -----
  +--> ?PR?_?SYS_DISPLAY_DRV?DISPLAYER

?PR?_?SYS_DISPLAY_DRV?DISPLAYER           -----    -----
  +--> ?CO?MAIN

?PR?_ADCINIT?ADC                          -----    -----
  +--> ?PR?_?SYS_ADC_DRV?ADC
  +--> ?PR?_?SYS_GET_KNEVENT?ADC
  +--> ?PR?_?SYS_GET_EXTADCEVENT?ADC

?PR?_?SYS_ADC_DRV?ADC                     -----    -----
  +--> ?CO?ADC

?PR?DS1302INIT?DS1302                     0057H    0007H
  +--> ?PR?_DS1302READ?DS1302
  +--> ?PR?_DS1302WRITE?DS1302
  +--> ?PR?_NVM_READ?DS1302
  +--> ?PR?RTC_WRITE?DS1302
  +--> ?PR?_NVM_WRITE?DS1302
  +--> ?PR?_?SYS_DS1302_DRV?DS1302

?PR?_DS1302READ?DS1302                    -----    -----
  +--> ?PR?_DS1302WRITEBYTE?DS1302
BL51 BANKED LINKER/LOCATER V6.22                                                      09/16/2021  09:34:43  PAGE 6


  +--> ?PR?DS1302READBYTE?DS1302

?PR?_DS1302WRITE?DS1302                   -----    -----
  +--> ?PR?_DS1302WRITEBYTE?DS1302

?PR?_NVM_READ?DS1302                      -----    -----
  +--> ?PR?_DS1302READ?DS1302

?PR?RTC_WRITE?DS1302                      005EH    0007H

?PR?_NVM_WRITE?DS1302                     -----    -----
  +--> ?PR?_DS1302WRITE?DS1302

?PR?_?SYS_DS1302_DRV?DS1302               -----    -----
  +--> ?PR?_DS1302READ?DS1302
  +--> ?PR?_DS1302WRITE?DS1302

?PR?_UART1INIT?UART1                      0057H    0002H
  +--> ?CO?MAIN
  +--> ?PR?_?SYS_GET_UART1RXDEVENT?UART1

?PR?_UART2INIT?UART2                      0057H    0002H
  +--> ?PR?_?NULLFUNC0?UART2
  +--> ?CO?MAIN
  +--> ?PR?_?SYS_GET_UART2RXDEVENT?UART2

?PR?MYKEY_CALLBACK?MAIN                   -----    -----
  +--> ?PR?DEALWITHMYKEY?MAIN

?PR?DEALWITHMYKEY?MAIN                    -----    -----
  +--> ?PR?_GETKEYACT?KEY
  +--> ?PR?_LEDPRINT?DISPLAYER
  +--> ?PR?_M24C02_WRITE?M24C02
  +--> ?PR?_EXTINIT?EXT

?PR?_M24C02_WRITE?M24C02                  -----    -----
  +--> ?PR?START?M24C02
  +--> ?PR?_WRITEBYTE?M24C02
  +--> ?PR?RESPONS?M24C02
  +--> ?PR?STOP?M24C02

?PR?RESPONS?M24C02                        -----    -----
  +--> ?PR?_WRITEBYTE?M24C02

?PR?_EXTINIT?EXT                          -----    -----
  +--> ?PR?_?SYS_EXT_DRV?EXT

?PR?_?SYS_EXT_DRV?EXT                     -----    -----
  +--> ?PR?READCOUNT?EXT

?PR?READCOUNT?EXT                         0057H    0005H

?PR?_SETEVENTCALLBACK?SYS                 0057H    0003H

?PR?MY100MS_CALLBACK?MAIN                 -----    -----
  +--> ?PR?DEALWITHDISP?MAIN

BL51 BANKED LINKER/LOCATER V6.22                                                      09/16/2021  09:34:43  PAGE 7


?PR?DEALWITHDISP?MAIN                     0057H    0009H
  +--> ?PR?GETADC?ADC
  +--> ?PR?_DIST?MAIN
  +--> ?PR?_?GETVIBACT?VIB
  +--> ?PR?RTC_READ?DS1302
  +--> ?PR?GETWEIGHT?EXT
  +--> ?PR?_SEG7PRINT?DISPLAYER

?PR?_SEG7PRINT?DISPLAYER                  0060H    0008H

?PR?MY1S_CALLBACK?MAIN                    -----    -----
  +--> ?PR?_EDITRXDBYTEMP_ROP?MAIN
  +--> ?PR?_UART1PRINT?UART1

?PR?_EDITRXDBYTEMP_ROP?MAIN               0057H    0009H
  +--> ?CO?MAIN

?PR?MYHALL_CALLBACK?MAIN                  -----    -----
  +--> ?PR?GETHALLACT?HALL
  +--> ?PR?_SETBEEP?BEEP

?PR?_SETBEEP?BEEP                         0057H    0004H
  +--> ?PR?GETBEEPTIMER?SYS
  +--> ?PR?_SETBEEPTIMER?SYS
  +--> ?CO?MAIN
  +--> ?PR?_SETCCP0?SYS
  +--> ?PR?CLRBEEPPIN?SYS

?PR?MYKN_CALLBACK?MAIN                    -----    -----
  +--> ?PR?DEALWITHMYKN?MAIN

?PR?DEALWITHMYKN?MAIN                     -----    -----
  +--> ?PR?_GETADCNAVACT?ADC
  +--> ?PR?GETWEIGHT?EXT

?PR?_SETUART1RXD?UART1                    0057H    000AH

?PR?_SETUART2RXD?UART2                    0057H    000AH

?PR?_M24C02_READ?M24C02                   -----    -----
  +--> ?PR?START?M24C02
  +--> ?PR?RESPONS?M24C02
  +--> ?PR?_WRITEBYTE?M24C02
  +--> ?PR?READBYTE?M24C02
  +--> ?PR?STOP?M24C02

?PR?MYSTC_INIT?SYS                        -----    -----
  +--> ?PR?SYS_TIMER0_INIT?SYS

?PR?SYS_TIMER0_INIT?SYS                   -----    -----
  +--> ?CO?MAIN

?PR?MYSTC_OS?SYS                          -----    -----
  +--> ?PR?SYS_TASK_IR?SYS
  +--> ?PR?SYS_TASK_1MS?SYS
  +--> ?PR?SYS_TASK_10MS?SYS
  +--> ?PR?SYS_TASK_100MS?SYS
BL51 BANKED LINKER/LOCATER V6.22                                                      09/16/2021  09:34:43  PAGE 8


  +--> ?PR?SYS_TASK_1S?SYS

?C_INITSEG                                -----    -----
  +--> ?PR?_?NULLFUNC?SYS
  +--> ?PR?_?RET0FUNC?SYS



UNRESOLVED EXTERNAL SYMBOLS:
   DEALWITHIRRXD



SYMBOL TABLE OF MODULE:  .\output\STC_DemoV3 (MAIN)

  VALUE           TYPE          NAME
  ----------------------------------

  -------         MODULE        MAIN
  C:0000H         SYMBOL        _ICE_DUMMY_
  C:2082H         PUBLIC        my1S_callback
  D:0080H         PUBLIC        P0
  D:0090H         PUBLIC        P1
  D:0023H         PUBLIC        Music_PM
  D:00A0H         PUBLIC        P2
  D:00B0H         PUBLIC        P3
  D:00C0H         PUBLIC        P4
  D:00C8H         PUBLIC        P5
  D:00E8H         PUBLIC        P6
  D:00F8H         PUBLIC        P7
  C:1F8BH         PUBLIC        dealwithmykey
  D:00A8H         PUBLIC        IE
  C:003EH         PUBLIC        myKN_callback
  D:00B8H         PUBLIC        IP
  C:002AH         PUBLIC        my10mS_callback
  D:0024H         PUBLIC        Music_tone
  C:22E5H         PUBLIC        myhall_callback
  D:00D8H         PUBLIC        CCON
  C:1107H         PUBLIC        main
  D:0025H         PUBLIC        temp_range
  C:20A8H         PUBLIC        SysClock
  D:0098H         PUBLIC        SCON
  D:0088H         PUBLIC        TCON
  C:2196H         PUBLIC        _dist
  D:0027H         PUBLIC        temp
  D:0029H         PUBLIC        stdWeight
  C:1945H         PUBLIC        _editRxdByTemp_Rop
  C:20C6H         SYMBOL        _?ix1000
  C:0041H         PUBLIC        myADC_callback
  D:002BH         PUBLIC        rop_range
  C:243AH         PUBLIC        mykey_callback
  C:200AH         PUBLIC        my100mS_callback
  D:002DH         PUBLIC        rxd
  D:0035H         PUBLIC        rop
  C:20ACH         PUBLIC        decode_table
  D:0037H         PUBLIC        temp_mid
  D:0039H         PUBLIC        funcmode
BL51 BANKED LINKER/LOCATER V6.22                                                      09/16/2021  09:34:43  PAGE 9


  C:000EH         PUBLIC        dealwithmyKN
  D:003AH         PUBLIC        rxdhead
  C:0026H         PUBLIC        myIrRxd_callback
  D:003CH         PUBLIC        valOfWeight
  D:003EH         PUBLIC        tempadj
  D:003FH         PUBLIC        SysPer
  C:05ECH         PUBLIC        dealwithDisp
  C:0029H         PUBLIC        my1mS_callback
  D:0044H         PUBLIC        ADCresult
  D:004EH         PUBLIC        rop_mid
  D:0050H         PUBLIC        t
  C:22D1H         PUBLIC        myUart1Rxd_callback
  D:00D0H         PUBLIC        PSW
  C:22A7H         PUBLIC        myUart2Rxd_callback
  -------         PROC          DEALWITHDISP
  -------         DO            
  D:0057H         SYMBOL        d
  D:0022H         SYMBOL        ct100mS
  D:005FH         SYMBOL        warn
  -------         ENDDO         
  C:05ECH         LINE#         1
  C:05ECH         LINE#         2
  C:05ECH         LINE#         5
  C:05EFH         LINE#         8
  C:05F2H         LINE#         9
  C:05F5H         LINE#         10
  C:0617H         LINE#         11
  C:0617H         LINE#         12
  C:0617H         LINE#         13
  C:0627H         LINE#         14
  C:063EH         LINE#         15
  C:064EH         LINE#         16
  C:0654H         LINE#         17
  C:0659H         LINE#         19
  C:065CH         LINE#         21
  C:0696H         LINE#         22
  C:069CH         LINE#         23
  C:06D5H         LINE#         24
  C:06DAH         LINE#         25
  C:0714H         LINE#         26
  C:0719H         LINE#         28
  C:071CH         LINE#         29
  C:0756H         LINE#         30
  C:075CH         LINE#         31
  C:0795H         LINE#         32
  C:079AH         LINE#         33
  C:07D4H         LINE#         34
  C:07D9H         LINE#         36
  C:07DCH         LINE#         37
  C:07DFH         LINE#         38
  C:07E2H         LINE#         39
  C:07E5H         LINE#         40
  C:07E8H         LINE#         41
  C:07EBH         LINE#         43
  C:07EEH         LINE#         45
  C:07EEH         LINE#         46
  C:07F2H         LINE#         47
BL51 BANKED LINKER/LOCATER V6.22                                                      09/16/2021  09:34:43  PAGE 10


  C:0802H         LINE#         48
  C:0809H         LINE#         49
  C:080FH         LINE#         50
  C:0812H         LINE#         51
  C:0819H         LINE#         52
  C:081FH         LINE#         53
  C:0822H         LINE#         54
  C:0829H         LINE#         55
  C:082BH         LINE#         56
  C:082DH         LINE#         58
  C:082DH         LINE#         59
  C:0831H         LINE#         60
  C:0841H         LINE#         61
  C:0848H         LINE#         62
  C:084EH         LINE#         63
  C:0851H         LINE#         64
  C:0858H         LINE#         65
  C:085EH         LINE#         66
  C:0861H         LINE#         67
  C:0868H         LINE#         68
  C:086EH         LINE#         69
  C:0871H         LINE#         71
  C:0871H         LINE#         72
  C:0881H         LINE#         74
  C:08A7H         LINE#         75
  C:08BBH         LINE#         76
  C:08CFH         LINE#         77
  C:08D2H         LINE#         78
  C:08D5H         LINE#         79
  C:08E2H         LINE#         80
  C:08F6H         LINE#         81
  C:0903H         LINE#         82
  C:0906H         LINE#         84
  C:0906H         LINE#         85
  C:0914H         LINE#         86
  C:0917H         LINE#         87
  C:091AH         LINE#         88
  C:091DH         LINE#         89
  C:0924H         LINE#         90
  C:0924H         LINE#         91
  C:092FH         LINE#         92
  C:0932H         LINE#         93
  C:0932H         LINE#         94
  C:093FH         LINE#         95
  C:094EH         LINE#         96
  C:095BH         LINE#         97
  C:096AH         LINE#         98
  C:0977H         LINE#         99
  C:0986H         LINE#         100
  C:0993H         LINE#         101
  C:09A0H         LINE#         102
  C:09A0H         LINE#         104
  C:09A0H         LINE#         105
  C:09A0H         LINE#         106
  C:09A0H         LINE#         108
  C:09A7H         LINE#         109
  C:09B4H         LINE#         110
BL51 BANKED LINKER/LOCATER V6.22                                                      09/16/2021  09:34:43  PAGE 11


  C:09B4H         LINE#         111
  C:09B4H         LINE#         112
  C:09B7H         LINE#         113
  C:09BAH         LINE#         114
  C:09BCH         LINE#         115
  C:09BCH         LINE#         116
  C:09BFH         LINE#         117
  C:09C2H         LINE#         118
  C:09C4H         LINE#         119
  C:09C4H         LINE#         120
  C:09C7H         LINE#         121
  C:09CAH         LINE#         122
  C:09CAH         LINE#         123
  C:09CAH         LINE#         124
  C:09CAH         LINE#         125
  C:09CAH         LINE#         126
  -------         ENDPROC       DEALWITHDISP
  -------         PROC          DEALWITHMYKN
  C:000EH         LINE#         129
  C:000EH         LINE#         130
  C:000EH         LINE#         131
  C:0016H         LINE#         132
  C:0016H         LINE#         134
  C:001BH         LINE#         135
  C:001BH         LINE#         136
  C:0022H         LINE#         137
  C:0022H         LINE#         138
  C:0022H         LINE#         139
  -------         ENDPROC       DEALWITHMYKN
  -------         PROC          DEALWITHMYKEY
  C:1F8BH         LINE#         141
  C:1F8BH         LINE#         142
  C:1F8BH         LINE#         143
  C:1F93H         LINE#         144
  C:1F93H         LINE#         146
  C:1F9CH         LINE#         147
  C:1F9FH         LINE#         148
  C:1FA4H         LINE#         149
  C:1FABH         LINE#         150
  C:1FB0H         LINE#         151
  C:1FB5H         LINE#         152
  C:1FB5H         LINE#         153
  -------         ENDPROC       DEALWITHMYKEY
  -------         PROC          MYUART1RXD_CALLBACK
  C:22D1H         LINE#         110
  C:22D1H         LINE#         111
  C:22D1H         LINE#         112
  C:22D7H         LINE#         113
  C:22D7H         LINE#         114
  C:22D9H         LINE#         115
  C:22E4H         LINE#         116
  C:22E4H         LINE#         117
  -------         ENDPROC       MYUART1RXD_CALLBACK
  -------         PROC          MYUART2RXD_CALLBACK
  C:22A7H         LINE#         119
  C:22A7H         LINE#         120
  C:22A7H         LINE#         121
BL51 BANKED LINKER/LOCATER V6.22                                                      09/16/2021  09:34:43  PAGE 12


  C:22ADH         LINE#         122
  C:22ADH         LINE#         123
  C:22B1H         LINE#         124
  C:22BBH         LINE#         125
  C:22BBH         LINE#         126
  -------         ENDPROC       MYUART2RXD_CALLBACK
  -------         PROC          MYIRRXD_CALLBACK
  C:0026H         LINE#         128
  C:0026H         LINE#         129
  C:0026H         LINE#         130
  -------         ENDPROC       MYIRRXD_CALLBACK
  -------         PROC          MY1MS_CALLBACK
  C:0029H         LINE#         133
  C:0029H         LINE#         134
  C:0029H         LINE#         135
  -------         ENDPROC       MY1MS_CALLBACK
  -------         PROC          MY10MS_CALLBACK
  C:002AH         LINE#         137
  C:002AH         LINE#         138
  C:002AH         LINE#         139
  -------         ENDPROC       MY10MS_CALLBACK
  -------         PROC          MY100MS_CALLBACK
  C:200AH         LINE#         141
  C:200AH         LINE#         142
  C:200AH         LINE#         143
  C:2010H         LINE#         144
  C:2016H         LINE#         145
  C:202FH         LINE#         146
  -------         ENDPROC       MY100MS_CALLBACK
  -------         PROC          MY1S_CALLBACK
  C:2082H         LINE#         149
  C:2082H         LINE#         150
  C:2082H         LINE#         152
  C:2092H         LINE#         153
  C:209BH         LINE#         154
  -------         ENDPROC       MY1S_CALLBACK
  -------         PROC          MYADC_CALLBACK
  C:0041H         LINE#         157
  C:0041H         LINE#         158
  C:0041H         LINE#         159
  -------         ENDPROC       MYADC_CALLBACK
  -------         PROC          MYKN_CALLBACK
  C:003EH         LINE#         161
  C:003EH         LINE#         162
  C:003EH         LINE#         163
  -------         ENDPROC       MYKN_CALLBACK
  -------         PROC          MYKEY_CALLBACK
  C:243AH         LINE#         166
  C:243AH         LINE#         167
  C:243AH         LINE#         168
  -------         ENDPROC       MYKEY_CALLBACK
  -------         PROC          MYHALL_CALLBACK
  C:22E5H         LINE#         171
  C:22E5H         LINE#         172
  C:22E5H         LINE#         173
  C:22EBH         LINE#         174
  C:22F6H         LINE#         175
BL51 BANKED LINKER/LOCATER V6.22                                                      09/16/2021  09:34:43  PAGE 13


  -------         ENDPROC       MYHALL_CALLBACK
  -------         PROC          _DIST
  D:0006H         SYMBOL        a
  D:0004H         SYMBOL        b
  C:2196H         LINE#         177
  C:2196H         LINE#         178
  C:2196H         LINE#         180
  C:21B2H         LINE#         181
  -------         ENDPROC       _DIST
  -------         PROC          _EDITRXDBYTEMP_ROP
  D:0057H         SYMBOL        u
  D:0059H         SYMBOL        idx
  -------         DO            
  D:005AH         SYMBOL        table
  -------         ENDDO         
  C:1945H         LINE#         191
  C:194BH         LINE#         192
  C:194BH         LINE#         193
  C:195EH         LINE#         194
  C:1969H         LINE#         195
  C:19A4H         LINE#         196
  C:19C9H         LINE#         197
  -------         ENDPROC       _EDITRXDBYTEMP_ROP
  -------         PROC          MAIN
  C:1107H         LINE#         201
  C:1107H         LINE#         202
  C:1107H         LINE#         208
  C:110AH         LINE#         209
  C:110DH         LINE#         210
  C:1110H         LINE#         211
  C:1113H         LINE#         213
  C:1118H         LINE#         214
  C:112EH         LINE#         216
  C:1133H         LINE#         222
  C:113AH         LINE#         224
  C:1143H         LINE#         228
  C:114EH         LINE#         229
  C:1159H         LINE#         230
  C:1164H         LINE#         231
  C:116FH         LINE#         232
  C:117AH         LINE#         233
  C:1185H         LINE#         234
  C:1190H         LINE#         235
  C:119BH         LINE#         238
  C:11A2H         LINE#         239
  C:11BEH         LINE#         240
  C:11DAH         LINE#         241
  C:11E3H         LINE#         245
  C:11EAH         LINE#         246
  C:11EDH         LINE#         249
  C:11F0H         LINE#         250
  C:11F0H         LINE#         251
  C:11F0H         LINE#         252
  C:11F3H         LINE#         257
  -------         ENDPROC       MAIN
  -------         ENDMOD        MAIN

BL51 BANKED LINKER/LOCATER V6.22                                                      09/16/2021  09:34:43  PAGE 14


  -------         MODULE        ADC
  C:0000H         SYMBOL        _ICE_DUMMY_
  D:0080H         PUBLIC        P0
  D:0090H         PUBLIC        P1
  D:00A0H         PUBLIC        P2
  C:2377H         PUBLIC        _?sys_get_KNEvent
  D:006EH         PUBLIC        sys_EXTADCEvent
  D:00B0H         PUBLIC        P3
  D:00C0H         PUBLIC        P4
  D:00C8H         PUBLIC        P5
  D:00E8H         PUBLIC        P6
  D:00F8H         PUBLIC        P7
  B:00A8H.5       PUBLIC        EADC
  D:00A8H         PUBLIC        IE
  D:00BDH         PUBLIC        ADC_RES
  D:00B8H         PUBLIC        IP
  D:0097H         PUBLIC        CLK_DIV
  C:1ECDH         PUBLIC        _AdcInit
  D:00D8H         PUBLIC        CCON
  C:2385H         PUBLIC        _?sys_get_EXTADCEvent
  X:0070H         PUBLIC        AD_res
  D:00BCH         PUBLIC        ADC_CONTR
  D:0098H         PUBLIC        SCON
  D:0088H         PUBLIC        TCON
  C:09E2H         PUBLIC        _?sys_ADC_drv
  B:0021H.4       PUBLIC        flag_ADC
  X:007AH         PUBLIC        sys_KN
  D:009DH         PUBLIC        P1ASF
  D:006FH         PUBLIC        sys_KNEvent
  D:00BEH         PUBLIC        ADC_RESL
  C:240CH         PUBLIC        GetADC
  C:1C65H         PUBLIC        _GetAdcNavAct
  C:2428H         PUBLIC        ADC_isr
  D:00D0H         PUBLIC        PSW
  -------         PROC          ADC_ISR
  C:2428H         LINE#         26
  C:2428H         LINE#         27
  C:242BH         LINE#         28
  C:242DH         LINE#         29
  -------         ENDPROC       ADC_ISR
  -------         PROC          _?SYS_ADC_DRV
  -------         DO            
  X:006EH         SYMBOL        pc
  X:006FH         SYMBOL        counter
  i:0000H         SYMBOL        i
  C:23DFH         SYMBOL        ADC_ch
  -------         ENDDO         
  C:09E2H         LINE#         31
  C:09E4H         LINE#         35
  C:09EAH         LINE#         36
  C:09ECH         LINE#         37
  C:0A1AH         LINE#         38
  C:0A1AH         LINE#         39
  C:0A1AH         LINE#         40
  C:0A2AH         LINE#         41
  C:0A2CH         LINE#         42
  C:0A2CH         LINE#         43
BL51 BANKED LINKER/LOCATER V6.22                                                      09/16/2021  09:34:43  PAGE 15


  C:0A2CH         LINE#         44
  C:0A40H         LINE#         45
  C:0A43H         LINE#         46
  C:0A46H         LINE#         47
  C:0A56H         LINE#         48
  C:0A58H         LINE#         49
  C:0A6CH         LINE#         50
  C:0A6FH         LINE#         51
  C:0A83H         LINE#         52
  C:0A96H         LINE#         53
  C:0AAEH         LINE#         54
  C:0AB9H         LINE#         55
  C:0ABCH         LINE#         56
  C:0ACCH         LINE#         57
  C:0AE0H         LINE#         58
  C:0AF5H         LINE#         59
  C:0B06H         LINE#         60
  C:0B08H         LINE#         61
  C:0B08H         LINE#         62
  C:0B0AH         LINE#         64
  C:0B21H         LINE#         65
  C:0B32H         LINE#         66
  C:0B35H         LINE#         67
  C:0B35H         LINE#         68
  C:0B35H         LINE#         69
  C:0B58H         LINE#         70
  C:0B69H         LINE#         71
  C:0B6DH         LINE#         72
  C:0B6DH         LINE#         73
  C:0B6DH         LINE#         74
  C:0B73H         LINE#         75
  C:0B73H         LINE#         76
  C:0B73H         LINE#         77
  C:0B7FH         LINE#         78
  C:0B8BH         LINE#         79
  C:0B8BH         LINE#         80
  -------         ENDPROC       _?SYS_ADC_DRV
  -------         PROC          _?SYS_GET_KNEVENT
  -------         DO            
  i:0000H         SYMBOL        a
  -------         ENDDO         
  C:2377H         LINE#         82
  C:2379H         LINE#         84
  C:237DH         LINE#         85
  C:2380H         LINE#         86
  C:2382H         LINE#         87
  -------         ENDPROC       _?SYS_GET_KNEVENT
  -------         PROC          _?SYS_GET_EXTADCEVENT
  -------         DO            
  i:0000H         SYMBOL        a
  -------         ENDDO         
  C:2385H         LINE#         89
  C:2387H         LINE#         91
  C:238BH         LINE#         92
  C:238EH         LINE#         93
  C:2390H         LINE#         94
  -------         ENDPROC       _?SYS_GET_EXTADCEVENT
BL51 BANKED LINKER/LOCATER V6.22                                                      09/16/2021  09:34:43  PAGE 16


  -------         PROC          _ADCINIT
  D:0007H         SYMBOL        ADCsel
  C:1ECDH         LINE#         96
  C:1ECDH         LINE#         97
  C:1ECDH         LINE#         98
  C:1ECFH         LINE#         99
  C:1ED2H         LINE#         100
  C:1ED5H         LINE#         101
  C:1ED7H         LINE#         102
  C:1EE5H         LINE#         103
  C:1EF1H         LINE#         104
  C:1EFDH         LINE#         105
  -------         ENDPROC       _ADCINIT
  -------         PROC          GETADC
  C:240CH         LINE#         107
  C:240CH         LINE#         108
  C:2412H         LINE#         109
  -------         ENDPROC       GETADC
  -------         PROC          _GETADCNAVACT
  D:0007H         SYMBOL        Nav_button
  -------         DO            
  D:0006H         SYMBOL        a
  -------         ENDDO         
  C:1C65H         LINE#         111
  C:1C65H         LINE#         112
  C:1C65H         LINE#         113
  C:1C75H         LINE#         114
  C:1C90H         LINE#         115
  C:1CA5H         LINE#         116
  C:1CA8H         LINE#         117
  C:1CA8H         LINE#         118
  C:1CAAH         LINE#         119
  -------         ENDPROC       _GETADCNAVACT
  -------         ENDMOD        ADC

  -------         MODULE        BEEP
  C:0000H         SYMBOL        _ICE_DUMMY_
  D:0080H         PUBLIC        P0
  D:00B2H         PUBLIC        P3M0
  D:0090H         PUBLIC        P1
  D:00B1H         PUBLIC        P3M1
  D:00A0H         PUBLIC        P2
  D:00B0H         PUBLIC        P3
  D:00C0H         PUBLIC        P4
  D:00C8H         PUBLIC        P5
  D:00E8H         PUBLIC        P6
  D:00F8H         PUBLIC        P7
  D:00F9H         PUBLIC        CH
  C:2032H         PUBLIC        _?sys_beep_drv
  D:00A8H         PUBLIC        IE
  D:00E9H         PUBLIC        CL
  C:2136H         PUBLIC        BeepInit
  B:00D8H.6       PUBLIC        CR
  D:00DAH         PUBLIC        CCAPM0
  D:00B8H         PUBLIC        IP
  D:00D9H         PUBLIC        CMOD
  D:00D8H         PUBLIC        CCON
BL51 BANKED LINKER/LOCATER V6.22                                                      09/16/2021  09:34:43  PAGE 17


  C:23BDH         PUBLIC        GetBeepStatus
  C:1A47H         PUBLIC        _SetBeep
  D:0098H         PUBLIC        SCON
  D:0088H         PUBLIC        TCON
  D:00D0H         PUBLIC        PSW
  B:00D8H.0       PUBLIC        CCF0
  -------         PROC          _?SYS_BEEP_DRV
  -------         DO            
  i:0000H         SYMBOL        a
  -------         ENDDO         
  C:2032H         LINE#         11
  C:2036H         LINE#         13
  C:2040H         LINE#         14
  C:2055H         LINE#         15
  -------         ENDPROC       _?SYS_BEEP_DRV
  -------         PROC          BEEPINIT
  C:2136H         LINE#         17
  C:2136H         LINE#         18
  C:2136H         LINE#         19
  C:2139H         LINE#         20
  C:213CH         LINE#         21
  C:213FH         LINE#         22
  C:2142H         LINE#         23
  C:2145H         LINE#         24
  C:2147H         LINE#         25
  C:2155H         LINE#         26
  -------         ENDPROC       BEEPINIT
  -------         PROC          _SETBEEP
  D:0057H         SYMBOL        Beep_freq
  D:0059H         SYMBOL        Beep_time
  -------         DO            
  D:0002H         SYMBOL        a
  D:0004H         SYMBOL        b
  -------         ENDDO         
  C:1A47H         LINE#         28
  C:1A4FH         LINE#         29
  C:1A4FH         LINE#         31
  C:1A56H         LINE#         32
  C:1A5DH         LINE#         33
  C:1A68H         LINE#         34
  C:1A91H         LINE#         35
  C:1AA5H         LINE#         36
  C:1AACH         LINE#         37
  C:1AAEH         LINE#         38
  C:1AB1H         LINE#         39
  C:1AB3H         LINE#         41
  C:1AB6H         LINE#         42
  C:1AB9H         LINE#         43
  C:1AB9H         LINE#         44
  C:1ABCH         LINE#         45
  C:1ABCH         LINE#         46
  C:1ABEH         LINE#         47
  -------         ENDPROC       _SETBEEP
  -------         PROC          GETBEEPSTATUS
  C:23BDH         LINE#         49
  C:23BDH         LINE#         50
  C:23C6H         LINE#         51
BL51 BANKED LINKER/LOCATER V6.22                                                      09/16/2021  09:34:43  PAGE 18


  C:23C8H         LINE#         52
  -------         ENDPROC       GETBEEPSTATUS
  -------         ENDMOD        BEEP

  -------         MODULE        DISPLAYER
  C:0000H         SYMBOL        _ICE_DUMMY_
  D:0093H         PUBLIC        P0M1
  D:0096H         PUBLIC        P2M0
  D:0080H         PUBLIC        P0
  D:0095H         PUBLIC        P2M1
  D:0090H         PUBLIC        P1
  D:00A0H         PUBLIC        P2
  D:00B0H         PUBLIC        P3
  D:00C0H         PUBLIC        P4
  D:00C8H         PUBLIC        P5
  D:00E8H         PUBLIC        P6
  D:00F8H         PUBLIC        P7
  D:00A8H         PUBLIC        IE
  D:00B8H         PUBLIC        IP
  D:00D8H         PUBLIC        CCON
  C:242EH         PUBLIC        _LedPrint
  B:00A0H.0       PUBLIC        P20
  B:00A0H.1       PUBLIC        P21
  D:0098H         PUBLIC        SCON
  B:00A0H.2       PUBLIC        P22
  D:0088H         PUBLIC        TCON
  B:00A0H.3       PUBLIC        P23
  C:2242H         PUBLIC        DisplayerInit
  X:00BAH         PUBLIC        sys_Disp
  C:23E8H         PUBLIC        _SetDisplayerArea
  C:2156H         PUBLIC        _Seg7Print
  C:11F5H         PUBLIC        _?sys_display_drv
  D:00D0H         PUBLIC        PSW
  D:0094H         PUBLIC        P0M0
  -------         PROC          _?SYS_DISPLAY_DRV
  C:11F5H         LINE#         16
  C:11F5H         LINE#         18
  C:11F8H         LINE#         19
  C:1221H         LINE#         20
  C:1227H         LINE#         21
  C:122DH         LINE#         22
  C:1233H         LINE#         23
  C:1239H         LINE#         24
  C:1243H         LINE#         25
  C:124DH         LINE#         26
  C:1257H         LINE#         27
  C:1261H         LINE#         28
  C:1263H         LINE#         29
  C:1263H         LINE#         30
  C:126BH         LINE#         31
  C:1294H         LINE#         33
  C:12AFH         LINE#         34
  C:12B2H         LINE#         35
  C:12B2H         LINE#         36
  C:12C9H         LINE#         37
  C:12D5H         LINE#         39
  C:12DDH         LINE#         40
BL51 BANKED LINKER/LOCATER V6.22                                                      09/16/2021  09:34:43  PAGE 19


  -------         ENDPROC       _?SYS_DISPLAY_DRV
  -------         PROC          DISPLAYERINIT
  C:2242H         LINE#         42
  C:2242H         LINE#         43
  C:2242H         LINE#         44
  C:2245H         LINE#         45
  C:2248H         LINE#         46
  C:224BH         LINE#         47
  C:224EH         LINE#         48
  C:225CH         LINE#         49
  -------         ENDPROC       DISPLAYERINIT
  -------         PROC          _SETDISPLAYERAREA
  D:0007H         SYMBOL        Begin_of_scan
  D:0005H         SYMBOL        Ending_of_Scan
  C:23E8H         LINE#         51
  C:23E8H         LINE#         52
  C:23EDH         LINE#         53
  C:23F0H         LINE#         54
  -------         ENDPROC       _SETDISPLAYERAREA
  -------         PROC          _SEG7PRINT
  D:0007H         SYMBOL        d0
  D:0005H         SYMBOL        d1
  D:0003H         SYMBOL        d2
  D:0063H         SYMBOL        d3
  D:0064H         SYMBOL        d4
  D:0065H         SYMBOL        d5
  D:0066H         SYMBOL        d6
  D:0067H         SYMBOL        d7
  C:2156H         LINE#         56
  C:2156H         LINE#         57
  C:215BH         LINE#         58
  C:215EH         LINE#         59
  C:2161H         LINE#         60
  C:2165H         LINE#         61
  C:2169H         LINE#         62
  C:216DH         LINE#         63
  C:2171H         LINE#         64
  C:2175H         LINE#         65
  -------         ENDPROC       _SEG7PRINT
  -------         PROC          _LEDPRINT
  D:0007H         SYMBOL        led_val
  C:242EH         LINE#         67
  C:242EH         LINE#         68
  C:2433H         LINE#         69
  -------         ENDPROC       _LEDPRINT
  -------         ENDMOD        DISPLAYER

  -------         MODULE        HALL
  C:0000H         SYMBOL        _ICE_DUMMY_
  D:0080H         PUBLIC        P0
  D:0090H         PUBLIC        P1
  D:00A0H         PUBLIC        P2
  D:00B0H         PUBLIC        P3
  D:00C0H         PUBLIC        P4
  D:00C8H         PUBLIC        P5
  D:00E8H         PUBLIC        P6
  D:00F8H         PUBLIC        P7
BL51 BANKED LINKER/LOCATER V6.22                                                      09/16/2021  09:34:43  PAGE 20


  X:00E7H         PUBLIC        hall_Event
  C:2393H         PUBLIC        _?sys_get_hallEvent
  D:00A8H         PUBLIC        IE
  C:1CABH         PUBLIC        _?sys_hall_drv
  D:00B8H         PUBLIC        IP
  C:21B3H         PUBLIC        HallInit
  B:0090H.2       PUBLIC        IO_hall
  D:00D8H         PUBLIC        CCON
  D:0098H         PUBLIC        SCON
  D:0088H         PUBLIC        TCON
  C:0003H         PUBLIC        GetHallAct
  D:0074H         PUBLIC        sys_hallEvent
  D:00D0H         PUBLIC        PSW
  -------         PROC          _?SYS_HALL_DRV
  -------         DO            
  X:00E4H         SYMBOL        counter
  X:00E5H         SYMBOL        hall_count
  X:00E6H         SYMBOL        hall_last_count
  -------         ENDDO         
  C:1CABH         LINE#         14
  C:1CABH         LINE#         19
  C:1CB4H         LINE#         20
  C:1CBCH         LINE#         21
  C:1CBFH         LINE#         22
  C:1CC7H         LINE#         23
  C:1CCDH         LINE#         24
  C:1CD1H         LINE#         25
  C:1CD3H         LINE#         26
  C:1CD3H         LINE#         27
  C:1CD5H         LINE#         29
  C:1CDEH         LINE#         30
  C:1CE2H         LINE#         31
  C:1CE5H         LINE#         32
  C:1CE5H         LINE#         33
  C:1CE5H         LINE#         34
  C:1CEAH         LINE#         35
  C:1CF0H         LINE#         36
  C:1CF0H         LINE#         37
  -------         ENDPROC       _?SYS_HALL_DRV
  -------         PROC          _?SYS_GET_HALLEVENT
  -------         DO            
  i:0000H         SYMBOL        a
  -------         ENDDO         
  C:2393H         LINE#         39
  C:2395H         LINE#         41
  C:2399H         LINE#         42
  C:239CH         LINE#         43
  C:239EH         LINE#         44
  -------         ENDPROC       _?SYS_GET_HALLEVENT
  -------         PROC          HALLINIT
  C:21B3H         LINE#         46
  C:21B3H         LINE#         47
  C:21B3H         LINE#         48
  C:21C1H         LINE#         49
  C:21CFH         LINE#         50
  -------         ENDPROC       HALLINIT
  -------         PROC          GETHALLACT
BL51 BANKED LINKER/LOCATER V6.22                                                      09/16/2021  09:34:43  PAGE 21


  -------         DO            
  D:0007H         SYMBOL        a
  -------         ENDDO         
  C:0003H         LINE#         52
  C:0003H         LINE#         53
  C:0003H         LINE#         54
  C:0008H         LINE#         55
  C:000AH         LINE#         56
  C:000AH         LINE#         57
  -------         ENDPROC       GETHALLACT
  -------         ENDMOD        HALL

  -------         MODULE        KEY
  C:0000H         SYMBOL        _ICE_DUMMY_
  D:0080H         PUBLIC        P0
  D:0090H         PUBLIC        P1
  D:00A0H         PUBLIC        P2
  D:00B0H         PUBLIC        P3
  D:00C0H         PUBLIC        P4
  D:00C8H         PUBLIC        P5
  D:00E8H         PUBLIC        P6
  D:00F8H         PUBLIC        P7
  D:00A8H         PUBLIC        IE
  D:0075H         PUBLIC        sys_keyEvent
  D:00B8H         PUBLIC        IP
  C:21D0H         PUBLIC        Key_Init
  D:00D8H         PUBLIC        CCON
  C:23A1H         PUBLIC        _?sys_get_keyEvent
  D:0098H         PUBLIC        SCON
  D:0088H         PUBLIC        TCON
  C:0CB7H         PUBLIC        _?sys_key_drv
  B:00B0H.2       PUBLIC        IO_Key1
  B:00B0H.3       PUBLIC        IO_Key2
  B:0090H.7       PUBLIC        IO_Key3
  C:1D35H         PUBLIC        _GetKeyAct
  X:00D2H         PUBLIC        sys_Key
  D:00D0H         PUBLIC        PSW
  -------         PROC          _?SYS_KEY_DRV
  -------         DO            
  i:0000H         SYMBOL        i
  X:00D1H         SYMBOL        counter
  -------         ENDDO         
  C:0CB7H         LINE#         28
  C:0CB9H         LINE#         31
  C:0CC2H         LINE#         32
  C:0CCBH         LINE#         33
  C:0CD4H         LINE#         34
  C:0CDFH         LINE#         35
  C:0CE2H         LINE#         36
  C:0CF4H         LINE#         37
  C:0D12H         LINE#         38
  C:0D2BH         LINE#         39
  C:0D47H         LINE#         40
  C:0D49H         LINE#         41
  C:0D49H         LINE#         42
  C:0D4BH         LINE#         44
  C:0D6CH         LINE#         45
BL51 BANKED LINKER/LOCATER V6.22                                                      09/16/2021  09:34:43  PAGE 22


  C:0D82H         LINE#         46
  C:0D85H         LINE#         47
  C:0D85H         LINE#         48
  C:0D85H         LINE#         49
  C:0DB8H         LINE#         50
  C:0DD3H         LINE#         51
  C:0DD7H         LINE#         52
  C:0DD7H         LINE#         53
  -------         ENDPROC       _?SYS_KEY_DRV
  -------         PROC          _?SYS_GET_KEYEVENT
  -------         DO            
  i:0000H         SYMBOL        a
  -------         ENDDO         
  C:23A1H         LINE#         55
  C:23A3H         LINE#         57
  C:23A7H         LINE#         58
  C:23AAH         LINE#         59
  C:23ACH         LINE#         60
  -------         ENDPROC       _?SYS_GET_KEYEVENT
  -------         PROC          KEY_INIT
  C:21D0H         LINE#         62
  C:21D0H         LINE#         63
  C:21D0H         LINE#         64
  C:21DEH         LINE#         65
  C:21ECH         LINE#         66
  -------         ENDPROC       KEY_INIT
  -------         PROC          _GETKEYACT
  D:0007H         SYMBOL        Key
  -------         DO            
  D:0006H         SYMBOL        a
  -------         ENDDO         
  C:1D35H         LINE#         68
  C:1D35H         LINE#         69
  C:1D35H         LINE#         70
  C:1D3FH         LINE#         71
  C:1D5AH         LINE#         72
  C:1D6FH         LINE#         73
  C:1D72H         LINE#         74
  C:1D72H         LINE#         75
  C:1D74H         LINE#         76
  -------         ENDPROC       _GETKEYACT
  -------         ENDMOD        KEY

  -------         MODULE        SYS
  C:0000H         SYMBOL        _ICE_DUMMY_
  X:0000H         PUBLIC        count_1mS
  B:00D8H.2       PUBLIC        CCF2
  D:0080H         PUBLIC        P0
  B:0020H.1       PUBLIC        flag_1S
  D:0090H         PUBLIC        P1
  D:00A0H         PUBLIC        P2
  D:00B0H         PUBLIC        P3
  D:00C0H         PUBLIC        P4
  X:0001H         PUBLIC        T1
  D:00C8H         PUBLIC        P5
  X:0003H         PUBLIC        T2
  B:00A8H.7       PUBLIC        EA
BL51 BANKED LINKER/LOCATER V6.22                                                      09/16/2021  09:34:43  PAGE 23


  D:00E8H         PUBLIC        P6
  D:00F8H         PUBLIC        P7
  D:0009H         PUBLIC        IrDatNum
  B:00D8H.7       PUBLIC        CF
  B:0020H.2       PUBLIC        Ir_Coder
  B:0020H.3       PUBLIC        Ir_RxBusy
  D:00A8H         PUBLIC        IE
  B:0020H.4       PUBLIC        Ir_TxBusy
  X:0005H         PUBLIC        userfunccall
  D:00FAH         PUBLIC        CCAP0H
  D:00FBH         PUBLIC        CCAP1H
  C:1831H         PUBLIC        sys_task_Ir
  D:000AH         PUBLIC        IrCount_j
  D:000BH         PUBLIC        IrRx_count
  D:000CH         PUBLIC        IrProtocol
  D:00EAH         PUBLIC        CCAP0L
  D:000DH         PUBLIC        IrTx_count
  D:00EBH         PUBLIC        CCAP1L
  D:00DAH         PUBLIC        CCAPM0
  D:00DBH         PUBLIC        CCAPM1
  D:000EH         PUBLIC        MainLoops
  D:00B8H         PUBLIC        IP
  B:00D0H.7       PUBLIC        CY
  B:0020H.5       PUBLIC        flag_10mS
  D:00D8H         PUBLIC        CCON
  C:23F1H         PUBLIC        GetBeepTimer
  C:1BD0H         PUBLIC        sys_Timer0_isr
  C:19CAH         PUBLIC        _SetEventCallBack
  C:2434H         PUBLIC        MySTC_Init
  C:1D75H         PUBLIC        sys_task_100mS
  C:243DH         PUBLIC        _?ret0func
  C:1B7DH         PUBLIC        GetUltraSonic
  X:0029H         PUBLIC        count_10mS
  X:002AH         PUBLIC        stcDrivers
  C:23FAH         PUBLIC        _SetBeepTimer
  D:0012H         PUBLIC        IrRxd_pt
  B:0020H.6       PUBLIC        flag_IrRxFinished
  D:0098H         PUBLIC        SCON
  C:2309H         PUBLIC        _SetCCP0
  C:1DF3H         PUBLIC        MySTC_OS
  D:0089H         PUBLIC        TMOD
  D:0088H         PUBLIC        TCON
  B:0020H.7       PUBLIC        flag_Ir
  B:00B0H.5       PUBLIC        P35
  D:0015H         PUBLIC        IrRxNum
  X:0060H         PUBLIC        SysPerformance
  D:008EH         PUBLIC        AUXR
  C:1492H         PUBLIC        sys_CCP_isr
  C:13C5H         PUBLIC        sys_task_1mS
  B:00A8H.1       PUBLIC        ET0
  C:2440H         PUBLIC        ClrBeepPin
  D:008CH         PUBLIC        TH0
  B:0021H.0       PUBLIC        flag_100mS
  X:0065H         PUBLIC        distance
  D:008AH         PUBLIC        TL0
  D:0016H         PUBLIC        PollingMisses
  X:0067H         PUBLIC        sys_BP
BL51 BANKED LINKER/LOCATER V6.22                                                      09/16/2021  09:34:43  PAGE 24


  B:0088H.4       PUBLIC        TR0
  C:1FB6H         PUBLIC        sys_task_1S
  C:2413H         PUBLIC        GetSysPerformance
  X:006DH         PUBLIC        count_100mS
  B:0021H.1       PUBLIC        Ir_BitBusy
  D:0017H         PUBLIC        IrDat_count
  D:0018H         PUBLIC        IrMute_count
  C:1C1EH         PUBLIC        sys_Timer0_Init
  D:0019H         PUBLIC        IrDataPc
  C:0042H         PUBLIC        _?nullfunc
  B:0021H.2       PUBLIC        flag_1mS
  B:0021H.3       PUBLIC        newUS
  D:008FH         PUBLIC        INT_CLKO
  C:1682H         PUBLIC        sys_task_10mS
  D:00D0H         PUBLIC        PSW
  B:00D8H.0       PUBLIC        CCF0
  B:00B0H.4       PUBLIC        Beep
  B:00D8H.1       PUBLIC        CCF1
  -------         PROC          _?NULLFUNC
  C:0042H         LINE#         13
  -------         ENDPROC       _?NULLFUNC
  -------         PROC          _?RET0FUNC
  C:243DH         LINE#         14
  -------         ENDPROC       _?RET0FUNC
  -------         PROC          SYS_TIMER0_INIT
  C:1C1EH         LINE#         89
  C:1C1EH         LINE#         90
  C:1C21H         LINE#         91
  C:1C24H         LINE#         92
  C:1C3AH         LINE#         93
  C:1C60H         LINE#         94
  C:1C62H         LINE#         95
  C:1C64H         LINE#         96
  -------         ENDPROC       SYS_TIMER0_INIT
  -------         PROC          SYS_TIMER0_ISR
  -------         DO            
  D:0008H         SYMBOL        i
  -------         ENDDO         
  C:1BD0H         LINE#         99
  C:1BD4H         LINE#         101
  C:1BD7H         LINE#         102
  C:1BDAH         LINE#         103
  C:1BDFH         LINE#         104
  C:1BE1H         LINE#         105
  C:1BE1H         LINE#         106
  C:1BE7H         LINE#         107
  C:1BEDH         LINE#         108
  C:1BF0H         LINE#         109
  C:1BF2H         LINE#         110
  C:1BF5H         LINE#         111
  C:1BF9H         LINE#         112
  C:1BFBH         LINE#         113
  C:1BFEH         LINE#         114
  C:1C00H         LINE#         116
  C:1C03H         LINE#         117
  C:1C05H         LINE#         118
  C:1C0AH         LINE#         119
BL51 BANKED LINKER/LOCATER V6.22                                                      09/16/2021  09:34:43  PAGE 25


  C:1C0AH         LINE#         120
  C:1C0CH         LINE#         122
  C:1C15H         LINE#         123
  C:1C17H         LINE#         124
  C:1C19H         LINE#         125
  C:1C19H         LINE#         126
  C:1C19H         LINE#         127
  C:1C19H         LINE#         128
  -------         ENDPROC       SYS_TIMER0_ISR
  -------         PROC          GETULTRASONIC
  -------         DO            
  D:0070H         SYMBOL        a
  -------         ENDDO         
  C:1B7DH         LINE#         132
  C:1B7DH         LINE#         133
  C:1B7DH         LINE#         134
  C:1B80H         LINE#         135
  C:1B82H         LINE#         136
  C:1B91H         LINE#         137
  C:1BC7H         LINE#         138
  C:1BC7H         LINE#         139
  C:1BCFH         LINE#         140
  -------         ENDPROC       GETULTRASONIC
  -------         PROC          GETBEEPTIMER
  C:23F1H         LINE#         142
  C:23F1H         LINE#         143
  C:23F9H         LINE#         144
  -------         ENDPROC       GETBEEPTIMER
  -------         PROC          _SETBEEPTIMER
  D:0006H         SYMBOL        a
  C:23FAH         LINE#         146
  C:23FAH         LINE#         147
  C:2402H         LINE#         148
  -------         ENDPROC       _SETBEEPTIMER
  -------         PROC          _SETCCP0
  D:0006H         SYMBOL        step
  D:0004H         SYMBOL        next
  C:2309H         LINE#         150
  C:2309H         LINE#         151
  C:2311H         LINE#         152
  C:2319H         LINE#         153
  -------         ENDPROC       _SETCCP0
  -------         PROC          CLRBEEPPIN
  C:2440H         LINE#         155
  C:2440H         LINE#         156
  C:2442H         LINE#         157
  -------         ENDPROC       CLRBEEPPIN
  -------         PROC          SYS_CCP_ISR
  -------         DO            
  B:0020H.0       SYMBOL        a
  -------         ENDDO         
  C:1492H         LINE#         159
  C:14A5H         LINE#         161
  C:14ACH         LINE#         162
  C:14B3H         LINE#         163
  C:14B6H         LINE#         164
  C:14B8H         LINE#         165
BL51 BANKED LINKER/LOCATER V6.22                                                      09/16/2021  09:34:43  PAGE 26


  C:14C8H         LINE#         166
  C:14CFH         LINE#         167
  C:14D2H         LINE#         168
  C:14D4H         LINE#         169
  C:14D6H         LINE#         171
  C:14EAH         LINE#         172
  C:14EDH         LINE#         173
  C:14EFH         LINE#         174
  C:14F1H         LINE#         175
  C:14F3H         LINE#         177
  C:14F3H         LINE#         178
  C:14F6H         LINE#         179
  C:14F8H         LINE#         180
  C:1502H         LINE#         181
  C:1504H         LINE#         182
  C:150DH         LINE#         183
  C:1510H         LINE#         184
  C:1522H         LINE#         185
  C:1524H         LINE#         187
  C:1526H         LINE#         188
  C:1529H         LINE#         189
  C:1529H         LINE#         190
  C:1529H         LINE#         191
  -------         ENDPROC       SYS_CCP_ISR
  -------         PROC          MYSTC_INIT
  C:2434H         LINE#         193
  C:2434H         LINE#         194
  C:2437H         LINE#         195
  C:2439H         LINE#         196
  -------         ENDPROC       MYSTC_INIT
  -------         PROC          SYS_TASK_IR
  -------         DO            
  D:0007H         SYMBOL        a
  -------         ENDDO         
  C:1831H         LINE#         198
  C:1831H         LINE#         199
  C:1831H         LINE#         200
  C:1847H         LINE#         201
  C:184EH         LINE#         202
  C:1851H         LINE#         203
  C:1854H         LINE#         204
  C:186AH         LINE#         205
  C:187AH         LINE#         206
  C:1882H         LINE#         207
  C:1885H         LINE#         208
  C:1887H         LINE#         210
  C:189DH         LINE#         211
  C:18B1H         LINE#         212
  C:18B1H         LINE#         213
  C:18B3H         LINE#         214
  C:18B6H         LINE#         216
  C:18B6H         LINE#         218
  C:18B8H         LINE#         219
  C:18BBH         LINE#         220
  C:18BBH         LINE#         221
  -------         ENDPROC       SYS_TASK_IR
  -------         PROC          SYS_TASK_1MS
BL51 BANKED LINKER/LOCATER V6.22                                                      09/16/2021  09:34:43  PAGE 27


  C:13C5H         LINE#         223
  C:13C5H         LINE#         224
  C:13CDH         LINE#         225
  C:13D0H         LINE#         226
  C:13D2H         LINE#         227
  C:13DAH         LINE#         228
  C:13DDH         LINE#         229
  C:13DFH         LINE#         230
  C:13E7H         LINE#         231
  C:13EAH         LINE#         232
  C:13ECH         LINE#         233
  C:13ECH         LINE#         234
  C:13ECH         LINE#         235
  C:13ECH         LINE#         236
  C:13F8H         LINE#         237
  C:1404H         LINE#         238
  C:1410H         LINE#         239
  C:141CH         LINE#         240
  C:1428H         LINE#         241
  C:1434H         LINE#         242
  C:1440H         LINE#         243
  C:145BH         LINE#         244
  C:1476H         LINE#         245
  C:1491H         LINE#         246
  -------         ENDPROC       SYS_TASK_1MS
  -------         PROC          SYS_TASK_10MS
  C:1682H         LINE#         248
  C:1682H         LINE#         249
  C:168EH         LINE#         250
  C:169AH         LINE#         251
  C:16A6H         LINE#         252
  C:16B2H         LINE#         253
  C:16CDH         LINE#         254
  C:16E8H         LINE#         255
  C:1703H         LINE#         256
  C:1706H         LINE#         257
  C:1708H         LINE#         258
  C:1714H         LINE#         259
  C:1714H         LINE#         260
  -------         ENDPROC       SYS_TASK_10MS
  -------         PROC          SYS_TASK_100MS
  C:1D75H         LINE#         262
  C:1D75H         LINE#         263
  C:1D81H         LINE#         264
  C:1D9CH         LINE#         265
  C:1DA8H         LINE#         266
  -------         ENDPROC       SYS_TASK_100MS
  -------         PROC          SYS_TASK_1S
  C:1FB6H         LINE#         269
  C:1FB6H         LINE#         270
  C:1FC4H         LINE#         271
  C:1FCAH         LINE#         272
  C:1FD3H         LINE#         273
  C:1FD5H         LINE#         274
  -------         ENDPROC       SYS_TASK_1S
  -------         PROC          MYSTC_OS
  C:1DF3H         LINE#         277
BL51 BANKED LINKER/LOCATER V6.22                                                      09/16/2021  09:34:43  PAGE 28


  C:1DF3H         LINE#         278
  C:1DFBH         LINE#         279
  C:1E03H         LINE#         280
  C:1E0BH         LINE#         281
  C:1E13H         LINE#         282
  C:1E1BH         LINE#         283
  C:1E30H         LINE#         284
  -------         ENDPROC       MYSTC_OS
  -------         PROC          _SETEVENTCALLBACK
  D:0007H         SYMBOL        event
  D:0057H         SYMBOL        user_callback
  C:19CAH         LINE#         286
  C:19D0H         LINE#         287
  C:1A01H         LINE#         288
  C:1A04H         LINE#         289
  C:1A06H         LINE#         290
  C:1A09H         LINE#         291
  C:1A0BH         LINE#         292
  C:1A0EH         LINE#         293
  C:1A10H         LINE#         294
  C:1A13H         LINE#         295
  C:1A15H         LINE#         296
  C:1A18H         LINE#         297
  C:1A1AH         LINE#         298
  C:1A1DH         LINE#         299
  C:1A1FH         LINE#         300
  C:1A22H         LINE#         301
  C:1A24H         LINE#         302
  C:1A27H         LINE#         303
  C:1A29H         LINE#         304
  C:1A2CH         LINE#         305
  C:1A2EH         LINE#         306
  C:1A31H         LINE#         307
  C:1A33H         LINE#         308
  C:1A36H         LINE#         309
  C:1A38H         LINE#         310
  C:1A46H         LINE#         311
  C:1A46H         LINE#         312
  C:1A46H         LINE#         313
  C:1A46H         LINE#         314
  -------         ENDPROC       _SETEVENTCALLBACK
  -------         PROC          GETSYSPERFORMANCE
  C:2413H         LINE#         316
  C:2413H         LINE#         317
  C:2419H         LINE#         318
  -------         ENDPROC       GETSYSPERFORMANCE
  -------         ENDMOD        SYS

  -------         MODULE        VIB
  C:0000H         SYMBOL        _ICE_DUMMY_
  D:0080H         PUBLIC        P0
  D:0090H         PUBLIC        P1
  D:00A0H         PUBLIC        P2
  D:00B0H         PUBLIC        P3
  D:00C0H         PUBLIC        P4
  D:00C8H         PUBLIC        P5
  D:00E8H         PUBLIC        P6
BL51 BANKED LINKER/LOCATER V6.22                                                      09/16/2021  09:34:43  PAGE 29


  D:00F8H         PUBLIC        P7
  D:00A8H         PUBLIC        IE
  X:00E8H         PUBLIC        SV_Event
  C:23AFH         PUBLIC        _?sys_get_SVEvent
  C:002EH         PUBLIC        _?sys_SV_drv
  D:00B8H         PUBLIC        IP
  B:00A0H.4       PUBLIC        IO_SV
  D:00D8H         PUBLIC        CCON
  D:0098H         PUBLIC        SCON
  D:0088H         PUBLIC        TCON
  C:21EDH         PUBLIC        VibInit
  C:234AH         PUBLIC        _?GetVibAct
  D:0076H         PUBLIC        sys_SVEvent
  D:00D0H         PUBLIC        PSW
  -------         PROC          _?SYS_SV_DRV
  C:002EH         LINE#         14
  C:002EH         LINE#         15
  C:0031H         LINE#         16
  C:0034H         LINE#         17
  C:003AH         LINE#         18
  C:003AH         LINE#         19
  -------         ENDPROC       _?SYS_SV_DRV
  -------         PROC          _?SYS_GET_SVEVENT
  -------         DO            
  i:0000H         SYMBOL        a
  -------         ENDDO         
  C:23AFH         LINE#         21
  C:23B1H         LINE#         23
  C:23B5H         LINE#         24
  C:23B8H         LINE#         25
  C:23BAH         LINE#         26
  -------         ENDPROC       _?SYS_GET_SVEVENT
  -------         PROC          VIBINIT
  C:21EDH         LINE#         28
  C:21EDH         LINE#         29
  C:21EDH         LINE#         30
  C:21FBH         LINE#         31
  C:2209H         LINE#         32
  -------         ENDPROC       VIBINIT
  -------         PROC          _?GETVIBACT
  -------         DO            
  i:0000H         SYMBOL        a
  -------         ENDDO         
  C:234AH         LINE#         34
  C:234CH         LINE#         36
  C:2354H         LINE#         37
  C:2356H         LINE#         38
  C:2356H         LINE#         39
  -------         ENDPROC       _?GETVIBACT
  -------         ENDMOD        VIB

  -------         MODULE        DS1302
  C:0000H         SYMBOL        _ICE_DUMMY_
  D:0080H         PUBLIC        P0
  D:0090H         PUBLIC        P1
  D:00A0H         PUBLIC        P2
  D:00B0H         PUBLIC        P3
BL51 BANKED LINKER/LOCATER V6.22                                                      09/16/2021  09:34:43  PAGE 30


  D:00C0H         PUBLIC        P4
  C:225DH         PUBLIC        _DS1302WriteByte
  D:00C8H         PUBLIC        P5
  D:00E8H         PUBLIC        P6
  D:00F8H         PUBLIC        P7
  D:00A8H         PUBLIC        IE
  D:00B8H         PUBLIC        IP
  X:00DCH         PUBLIC        RTCtime
  B:00C8H.4       PUBLIC        RTC_io
  D:00D8H         PUBLIC        CCON
  B:0090H.6       PUBLIC        RTC_rst
  X:00E3H         PUBLIC        flag_newRTC
  D:0098H         PUBLIC        SCON
  D:0088H         PUBLIC        TCON
  C:241AH         PUBLIC        RTC_Read
  C:153AH         PUBLIC        _?sys_DS1302_drv
  C:22F7H         PUBLIC        _NVM_Read
  C:2276H         PUBLIC        RTC_Write
  C:1F42H         PUBLIC        _DS1302Read
  C:1FE1H         PUBLIC        _NVM_Write
  C:2179H         PUBLIC        _DS1302Write
  C:228FH         PUBLIC        DS1302ReadByte
  C:1009H         PUBLIC        DS1302Init
  B:0090H.5       PUBLIC        RTC_sclk
  D:00D0H         PUBLIC        PSW
  -------         PROC          _DS1302WRITEBYTE
  D:0007H         SYMBOL        dat
  -------         DO            
  D:0006H         SYMBOL        i
  -------         ENDDO         
  C:225DH         LINE#         52
  C:225DH         LINE#         53
  C:225DH         LINE#         54
  C:225FH         LINE#         55
  C:2261H         LINE#         56
  C:2265H         LINE#         57
  C:2266H         LINE#         58
  C:2267H         LINE#         59
  C:2268H         LINE#         60
  C:226AH         LINE#         61
  C:226BH         LINE#         62
  C:226FH         LINE#         63
  C:2271H         LINE#         64
  C:2275H         LINE#         65
  -------         ENDPROC       _DS1302WRITEBYTE
  -------         PROC          DS1302READBYTE
  -------         DO            
  D:0006H         SYMBOL        i
  D:0007H         SYMBOL        dat
  -------         ENDDO         
  C:228FH         LINE#         67
  C:228FH         LINE#         68
  C:228FH         LINE#         69
  C:2291H         LINE#         70
  C:2295H         LINE#         71
  C:229BH         LINE#         72
  C:229DH         LINE#         73
BL51 BANKED LINKER/LOCATER V6.22                                                      09/16/2021  09:34:43  PAGE 31


  C:229EH         LINE#         74
  C:229FH         LINE#         75
  C:22A0H         LINE#         76
  C:22A2H         LINE#         77
  C:22A6H         LINE#         78
  C:22A6H         LINE#         79
  -------         ENDPROC       DS1302READBYTE
  -------         PROC          L?0042
  -------         ENDPROC       L?0042
  -------         PROC          _DS1302READ
  D:0007H         SYMBOL        cmd
  -------         DO            
  D:0007H         SYMBOL        dat
  -------         ENDDO         
  C:1F42H         LINE#         81
  C:1F42H         LINE#         82
  C:1F42H         LINE#         84
  C:1F44H         LINE#         85
  C:1F45H         LINE#         86
  C:1F46H         LINE#         87
  C:1F47H         LINE#         88
  C:1F49H         LINE#         89
  C:1F4AH         LINE#         90
  C:1F4BH         LINE#         91
  C:1F4CH         LINE#         92
  C:1F4EH         LINE#         93
  C:1F4FH         LINE#         94
  C:1F52H         LINE#         95
  C:1F55H         LINE#         96
  C:1F57H         LINE#         97
  C:1F58H         LINE#         98
  C:1F59H         LINE#         99
  C:1F5AH         LINE#         100
  C:1F5CH         LINE#         101
  C:1F5CH         LINE#         102
  -------         ENDPROC       _DS1302READ
  -------         PROC          L?0043
  -------         ENDPROC       L?0043
  -------         PROC          _DS1302WRITE
  D:0007H         SYMBOL        cmd
  D:0005H         SYMBOL        dat
  C:2179H         LINE#         104
  C:2179H         LINE#         105
  C:217BH         LINE#         106
  C:217CH         LINE#         107
  C:217DH         LINE#         108
  C:217EH         LINE#         109
  C:2180H         LINE#         110
  C:2181H         LINE#         111
  C:2182H         LINE#         112
  C:2183H         LINE#         113
  C:2185H         LINE#         114
  C:2186H         LINE#         115
  C:2189H         LINE#         116
  C:218EH         LINE#         117
  C:2190H         LINE#         118
  C:2191H         LINE#         119
BL51 BANKED LINKER/LOCATER V6.22                                                      09/16/2021  09:34:43  PAGE 32


  C:2192H         LINE#         120
  C:2193H         LINE#         121
  C:2195H         LINE#         122
  -------         ENDPROC       _DS1302WRITE
  -------         PROC          RTC_READ
  C:241AH         LINE#         124
  C:241AH         LINE#         125
  C:2420H         LINE#         126
  -------         ENDPROC       RTC_READ
  -------         PROC          RTC_WRITE
  D:005EH         SYMBOL        t
  C:2276H         LINE#         128
  C:2276H         LINE#         129
  C:2289H         LINE#         130
  C:228EH         LINE#         131
  -------         ENDPROC       RTC_WRITE
  -------         PROC          _NVM_READ
  D:0007H         SYMBOL        NVM_addr
  C:22F7H         LINE#         133
  C:22F7H         LINE#         134
  C:2306H         LINE#         135
  C:2308H         LINE#         136
  -------         ENDPROC       _NVM_READ
  -------         PROC          _NVM_WRITE
  D:0004H         SYMBOL        NVM_addr
  D:0003H         SYMBOL        NVM_data
  C:1FE1H         LINE#         138
  C:1FE5H         LINE#         139
  C:1FEBH         LINE#         140
  C:1FF2H         LINE#         141
  C:1FFDH         LINE#         142
  C:2004H         LINE#         143
  C:2007H         LINE#         144
  C:2007H         LINE#         145
  C:2009H         LINE#         146
  -------         ENDPROC       _NVM_WRITE
  -------         PROC          _?SYS_DS1302_DRV
  -------         DO            
  X:00DBH         SYMBOL        count100mS
  i:0000H         SYMBOL        a
  -------         ENDDO         
  C:153AH         LINE#         148
  C:153CH         LINE#         151
  C:1542H         LINE#         152
  C:154BH         LINE#         153
  C:1555H         LINE#         154
  C:1559H         LINE#         155
  C:1562H         LINE#         156
  C:1567H         LINE#         157
  C:156AH         LINE#         158
  C:156AH         LINE#         159
  C:156AH         LINE#         160
  C:1570H         LINE#         161
  C:157AH         LINE#         162
  C:1584H         LINE#         163
  C:1584H         LINE#         164
  C:1584H         LINE#         165
BL51 BANKED LINKER/LOCATER V6.22                                                      09/16/2021  09:34:43  PAGE 33


  C:1586H         LINE#         166
  C:1593H         LINE#         167
  C:1595H         LINE#         168
  C:159AH         LINE#         169
  C:15A1H         LINE#         170
  C:15ABH         LINE#         171
  C:15B0H         LINE#         172
  C:15B5H         LINE#         173
  C:15BDH         LINE#         174
  C:15C5H         LINE#         175
  C:15CDH         LINE#         176
  C:15D5H         LINE#         177
  C:15DCH         LINE#         178
  C:15DCH         LINE#         179
  -------         ENDPROC       _?SYS_DS1302_DRV
  -------         PROC          DS1302INIT
  D:0057H         SYMBOL        t
  C:1009H         LINE#         181
  C:1009H         LINE#         182
  C:1009H         LINE#         183
  C:1013H         LINE#         184
  C:101AH         LINE#         185
  C:101AH         LINE#         186
  C:101AH         LINE#         187
  C:1020H         LINE#         188
  C:1028H         LINE#         189
  C:1030H         LINE#         191
  C:1037H         LINE#         193
  C:10BAH         LINE#         201
  C:10D0H         LINE#         202
  C:10D7H         LINE#         203
  C:10EAH         LINE#         204
  C:10EAH         LINE#         205
  C:10F1H         LINE#         206
  C:10F8H         LINE#         207
  C:1106H         LINE#         208
  -------         ENDPROC       DS1302INIT
  -------         ENDMOD        DS1302

  -------         MODULE        M24C02
  C:0000H         SYMBOL        _ICE_DUMMY_
  D:0080H         PUBLIC        P0
  D:0090H         PUBLIC        P1
  D:00A0H         PUBLIC        P2
  D:00B0H         PUBLIC        P3
  D:00C0H         PUBLIC        P4
  D:00C8H         PUBLIC        P5
  D:00E8H         PUBLIC        P6
  D:00F8H         PUBLIC        P7
  D:00A8H         PUBLIC        IE
  C:20D7H         PUBLIC        respons
  D:00B8H         PUBLIC        IP
  B:00D0H.7       PUBLIC        CY
  D:00D8H         PUBLIC        CCON
  C:231AH         PUBLIC        start
  D:0098H         PUBLIC        SCON
  D:0088H         PUBLIC        TCON
BL51 BANKED LINKER/LOCATER V6.22                                                      09/16/2021  09:34:43  PAGE 34


  C:220AH         PUBLIC        _M24C02_Read
  C:0046H         PUBLIC        stop
  C:22BCH         PUBLIC        _M24C02_Write
  C:2114H         PUBLIC        readbyte
  B:00C0H.0       PUBLIC        SDA
  B:00C8H.5       PUBLIC        SCL
  C:20F0H         PUBLIC        _writebyte
  D:00D0H         PUBLIC        PSW
  -------         PROC          START
  C:231AH         LINE#         9
  C:231AH         LINE#         10
  C:231CH         LINE#         11
  C:231DH         LINE#         12
  C:231EH         LINE#         13
  C:231FH         LINE#         14
  C:2321H         LINE#         15
  C:2322H         LINE#         16
  C:2323H         LINE#         17
  C:2324H         LINE#         18
  C:2326H         LINE#         19
  C:2327H         LINE#         20
  C:2328H         LINE#         21
  C:2329H         LINE#         22
  -------         ENDPROC       START
  -------         PROC          STOP
  C:0046H         LINE#         24
  C:0046H         LINE#         25
[...]
  C:1E45H         LINE#         101
  C:1E47H         LINE#         102
  C:1E49H         LINE#         103
  C:1E4BH         LINE#         104
  C:1E4EH         LINE#         105
  C:1E51H         LINE#         106
BL51 BANKED LINKER/LOCATER V6.22                                                      09/16/2021  09:34:43  PAGE 39


  C:1E53H         LINE#         107
  C:1E55H         LINE#         108
  C:1E58H         LINE#         109
  C:1E66H         LINE#         110
  -------         ENDPROC       _EXTINIT
  -------         ENDMOD        EXT

  -------         MODULE        IR
  C:0000H         SYMBOL        _ICE_DUMMY_
  D:0080H         PUBLIC        P0
  D:00B2H         PUBLIC        P3M0
  D:0090H         PUBLIC        P1
  D:00B1H         PUBLIC        P3M1
  D:00A0H         PUBLIC        P2
  D:00B0H         PUBLIC        P3
  D:00C0H         PUBLIC        P4
  D:00C8H         PUBLIC        P5
  D:00E8H         PUBLIC        P6
  D:00F8H         PUBLIC        P7
  D:00A8H         PUBLIC        IE
  D:00B8H         PUBLIC        IP
  C:2421H         PUBLIC        _SetIrRxd
  C:1EFEH         PUBLIC        _IrTxdSet
  D:00D8H         PUBLIC        CCON
  D:0098H         PUBLIC        SCON
  D:0088H         PUBLIC        TCON
  B:00B0H.5       PUBLIC        P35
  C:1DB4H         PUBLIC        _IrPrint
  C:233AH         PUBLIC        _IrInit
  C:2443H         PUBLIC        GetIrRxNum
  C:1ABFH         PUBLIC        sys_IrRxd_isr
  C:2226H         PUBLIC        GetIrStatus
  D:008FH         PUBLIC        INT_CLKO
  D:00D0H         PUBLIC        PSW
  -------         PROC          _IRINIT
  D:0007H         SYMBOL        Protocol
  C:233AH         LINE#         18
  C:233AH         LINE#         19
  C:233DH         LINE#         20
  C:2340H         LINE#         21
  C:2342H         LINE#         22
  C:2344H         LINE#         23
  C:2346H         LINE#         24
  C:2349H         LINE#         26
  -------         ENDPROC       _IRINIT
  -------         PROC          SYS_IRRXD_ISR
  -------         DO            
  D:0072H         SYMBOL        a
  D:0073H         SYMBOL        BitRxCount
  -------         ENDDO         
  C:1ABFH         LINE#         28
  C:1AD2H         LINE#         31
  C:1AD5H         LINE#         32
  C:1AD7H         LINE#         33
  C:1ADAH         LINE#         34
  C:1ADDH         LINE#         35
  C:1AE0H         LINE#         36
BL51 BANKED LINKER/LOCATER V6.22                                                      09/16/2021  09:34:43  PAGE 40


  C:1AE6H         LINE#         37
  C:1AE8H         LINE#         39
  C:1AEEH         LINE#         40
  C:1AF7H         LINE#         41
  C:1AFAH         LINE#         42
  C:1AFDH         LINE#         43
  C:1B0EH         LINE#         44
  C:1B10H         LINE#         45
  C:1B10H         LINE#         46
  C:1B10H         LINE#         47
  C:1B13H         LINE#         48
  -------         ENDPROC       SYS_IRRXD_ISR
  -------         PROC          _SETIRRXD
  D:0001H         SYMBOL        RxdPt
  C:2421H         LINE#         50
  C:2421H         LINE#         51
  C:2427H         LINE#         52
  -------         ENDPROC       _SETIRRXD
  -------         PROC          GETIRRXNUM
  C:2443H         LINE#         54
  C:2443H         LINE#         55
  C:2445H         LINE#         56
  -------         ENDPROC       GETIRRXNUM
  -------         PROC          _IRTXDSET
  D:0001H         SYMBOL        pt
  D:0005H         SYMBOL        num
  C:1EFEH         LINE#         58
  C:1EFEH         LINE#         59
  C:1F14H         LINE#         60
  C:1F1AH         LINE#         61
  C:1F1FH         LINE#         62
  C:1F21H         LINE#         63
  C:1F24H         LINE#         64
  C:1F27H         LINE#         65
  C:1F29H         LINE#         66
  C:1F2CH         LINE#         67
  C:1F2CH         LINE#         68
  C:1F2EH         LINE#         69
  -------         ENDPROC       _IRTXDSET
  -------         PROC          _IRPRINT
  D:0001H         SYMBOL        pt
  D:0005H         SYMBOL        num
  C:1DB4H         LINE#         71
  C:1DB4H         LINE#         72
  C:1DCAH         LINE#         73
  C:1DCDH         LINE#         74
  C:1DD0H         LINE#         75
  C:1DD3H         LINE#         76
  C:1DD5H         LINE#         77
  C:1DD8H         LINE#         78
  C:1DDEH         LINE#         79
  C:1DE6H         LINE#         80
  C:1DE8H         LINE#         81
  C:1DEBH         LINE#         82
  C:1DEDH         LINE#         83
  C:1DF0H         LINE#         84
  C:1DF0H         LINE#         85
BL51 BANKED LINKER/LOCATER V6.22                                                      09/16/2021  09:34:43  PAGE 41


  C:1DF2H         LINE#         86
  -------         ENDPROC       _IRPRINT
  -------         PROC          GETIRSTATUS
  C:2226H         LINE#         88
  C:2226H         LINE#         89
  C:223FH         LINE#         90
  C:2241H         LINE#         91
  -------         ENDPROC       GETIRSTATUS
  -------         ENDMOD        IR

  -------         MODULE        UART2
  C:0000H         SYMBOL        _ICE_DUMMY_
  D:0080H         PUBLIC        P0
  C:0DDAH         PUBLIC        Uart2_isr
  D:0090H         PUBLIC        P1
  D:00A0H         PUBLIC        P2
  D:00B0H         PUBLIC        P3
  D:00C0H         PUBLIC        P4
  D:00C8H         PUBLIC        P5
  D:00E8H         PUBLIC        P6
  D:00F8H         PUBLIC        P7
  D:00BAH         PUBLIC        P_SW2
  D:00A8H         PUBLIC        IE
  D:00DBH         PUBLIC        CCAPM1
  D:00B8H         PUBLIC        IP
  C:2446H         PUBLIC        _?nullfunc0
  D:00D8H         PUBLIC        CCON
  C:1E67H         PUBLIC        _SetUart2Rxd
  B:0090H.0       PUBLIC        P10
  B:0090H.1       PUBLIC        P11
  D:0098H         PUBLIC        SCON
  D:0088H         PUBLIC        TCON
  D:00AFH         PUBLIC        IE2
  D:008EH         PUBLIC        AUXR
  C:23C9H         PUBLIC        GetUart2TxStatus
  D:00D6H         PUBLIC        T2H
  B:00B0H.7       PUBLIC        M485_TxEn
  D:00D7H         PUBLIC        T2L
  C:1F5DH         PUBLIC        _Uart2Print
  D:009BH         PUBLIC        S2BUF
  D:009AH         PUBLIC        S2CON
  C:15DFH         PUBLIC        _Uart2Init
  B:0021H.5       PUBLIC        Uart2usage
  C:2359H         PUBLIC        _?sys_get_Uart2RxdEvent
  X:008CH         PUBLIC        com2
  D:00D0H         PUBLIC        PSW
  -------         PROC          UART2_ISR
  C:0DDAH         LINE#         15
  C:0DF7H         LINE#         16
  C:0DFCH         LINE#         17
  C:0DFFH         LINE#         18
  C:0E33H         LINE#         20
  C:0E38H         LINE#         21
  C:0E3DH         LINE#         22
  C:0E3DH         LINE#         23
  C:0E3DH         LINE#         25
  C:0E45H         LINE#         26
BL51 BANKED LINKER/LOCATER V6.22                                                      09/16/2021  09:34:43  PAGE 42


  C:0E48H         LINE#         27
  C:0E64H         LINE#         28
  C:0E73H         LINE#         29
  C:0E81H         LINE#         30
  C:0EB9H         LINE#         31
  C:0ED2H         LINE#         32
  C:0ED9H         LINE#         33
  C:0EDCH         LINE#         34
  C:0EDCH         LINE#         35
  C:0EDCH         LINE#         36
  -------         ENDPROC       UART2_ISR
  -------         PROC          _?SYS_GET_UART2RXDEVENT
  -------         DO            
  i:0000H         SYMBOL        a
  -------         ENDDO         
  C:2359H         LINE#         38
  C:235BH         LINE#         40
  C:2363H         LINE#         41
  C:2365H         LINE#         42
  C:2365H         LINE#         43
  -------         ENDPROC       _?SYS_GET_UART2RXDEVENT
  -------         PROC          _?NULLFUNC0
  C:2446H         LINE#         45
  -------         ENDPROC       _?NULLFUNC0
  -------         PROC          _UART2INIT
  D:0057H         SYMBOL        band
  D:0005H         SYMBOL        Uart2mode
  C:15DFH         LINE#         47
  C:15E3H         LINE#         48
  C:15E3H         LINE#         51
  C:15E6H         LINE#         52
  C:15E9H         LINE#         53
  C:15EBH         LINE#         54
  C:15EDH         LINE#         55
  C:15EFH         LINE#         57
  C:15FDH         LINE#         58
  C:1600H         LINE#         59
  C:1602H         LINE#         60
  C:1604H         LINE#         61
  C:1606H         LINE#         62
  C:1606H         LINE#         64
  C:1609H         LINE#         65
  C:1633H         LINE#         66
  C:166DH         LINE#         67
  C:1670H         LINE#         68
  C:1673H         LINE#         70
  C:1681H         LINE#         71
  -------         ENDPROC       _UART2INIT
  -------         PROC          _SETUART2RXD
  D:0001H         SYMBOL        RxdPt
  D:0004H         SYMBOL        Nmax
  D:005CH         SYMBOL        matchhead
  D:005FH         SYMBOL        matchheadsize
  C:1E67H         LINE#         73
  C:1E67H         LINE#         74
  C:1E72H         LINE#         75
  C:1E78H         LINE#         76
BL51 BANKED LINKER/LOCATER V6.22                                                      09/16/2021  09:34:43  PAGE 43


  C:1E82H         LINE#         77
  C:1E90H         LINE#         78
  C:1E97H         LINE#         79
  C:1E99H         LINE#         80
  -------         ENDPROC       _SETUART2RXD
  -------         PROC          _UART2PRINT
  D:0001H         SYMBOL        pt
  D:0004H         SYMBOL        num
  C:1F5DH         LINE#         82
  C:1F5DH         LINE#         83
  C:1F63H         LINE#         84
  C:1F6EH         LINE#         85
  C:1F73H         LINE#         86
  C:1F79H         LINE#         87
  C:1F7DH         LINE#         89
  C:1F82H         LINE#         90
  C:1F85H         LINE#         91
  C:1F88H         LINE#         92
  C:1F88H         LINE#         93
  C:1F8AH         LINE#         94
  -------         ENDPROC       _UART2PRINT
  -------         PROC          GETUART2TXSTATUS
  C:23C9H         LINE#         96
  C:23C9H         LINE#         97
  C:23D1H         LINE#         98
  C:23D3H         LINE#         99
  -------         ENDPROC       GETUART2TXSTATUS
  -------         ENDMOD        UART2

  -------         MODULE        UART1
  C:0000H         SYMBOL        _ICE_DUMMY_
  C:0EF7H         PUBLIC        Uart1_isr
  D:0080H         PUBLIC        P0
  D:0090H         PUBLIC        P1
  D:00A0H         PUBLIC        P2
  D:00B0H         PUBLIC        P3
  D:00C0H         PUBLIC        P4
  D:00C8H         PUBLIC        P5
  D:00E8H         PUBLIC        P6
  D:00F8H         PUBLIC        P7
  D:00A8H         PUBLIC        IE
  B:00A8H.4       PUBLIC        ES
  D:00B8H         PUBLIC        IP
  B:0098H.0       PUBLIC        RI
  B:0098H.1       PUBLIC        TI
  D:00D8H         PUBLIC        CCON
  C:1E9AH         PUBLIC        _SetUart1Rxd
  D:0099H         PUBLIC        SBUF
  D:0098H         PUBLIC        SCON
  D:0089H         PUBLIC        TMOD
  D:0088H         PUBLIC        TCON
  D:008EH         PUBLIC        AUXR
  C:23D4H         PUBLIC        GetUart1TxStatus
  B:00A8H.3       PUBLIC        ET1
  D:008DH         PUBLIC        TH1
  D:008BH         PUBLIC        TL1
  B:0088H.6       PUBLIC        TR1
BL51 BANKED LINKER/LOCATER V6.22                                                      09/16/2021  09:34:43  PAGE 44


  C:205AH         PUBLIC        _Uart1Print
  C:18BCH         PUBLIC        _Uart1Init
  C:2368H         PUBLIC        _?sys_get_Uart1RxdEvent
  X:00A3H         PUBLIC        com1
  D:00D0H         PUBLIC        PSW
  -------         PROC          UART1_ISR
  C:0EF7H         LINE#         9
  C:0F14H         LINE#         10
  C:0F17H         LINE#         11
  C:0F19H         LINE#         12
  C:0F4DH         LINE#         13
  C:0F52H         LINE#         14
  C:0F52H         LINE#         15
  C:0F58H         LINE#         16
  C:0F5AH         LINE#         17
  C:0F76H         LINE#         18
  C:0F85H         LINE#         19
  C:0F93H         LINE#         20
  C:0FCBH         LINE#         21
  C:0FE4H         LINE#         22
  C:0FEBH         LINE#         23
  C:0FEEH         LINE#         24
  C:0FEEH         LINE#         25
  C:0FEEH         LINE#         26
  -------         ENDPROC       UART1_ISR
  -------         PROC          _?SYS_GET_UART1RXDEVENT
  -------         DO            
  i:0000H         SYMBOL        a
  -------         ENDDO         
  C:2368H         LINE#         28
  C:236AH         LINE#         30
  C:2372H         LINE#         31
  C:2374H         LINE#         32
  C:2374H         LINE#         33
  -------         ENDPROC       _?SYS_GET_UART1RXDEVENT
  -------         PROC          _UART1INIT
  D:0057H         SYMBOL        band
  C:18BCH         LINE#         35
  C:18C0H         LINE#         36
  C:18C0H         LINE#         38
  C:18C3H         LINE#         39
  C:18C6H         LINE#         40
  C:18C9H         LINE#         41
  C:18CCH         LINE#         42
  C:18F6H         LINE#         43
  C:1930H         LINE#         44
  C:1932H         LINE#         45
  C:1934H         LINE#         46
  C:1936H         LINE#         47
  C:1944H         LINE#         48
  -------         ENDPROC       _UART1INIT
  -------         PROC          _SETUART1RXD
  D:0001H         SYMBOL        RxdPt
  D:0004H         SYMBOL        Nmax
  D:005CH         SYMBOL        matchhead
  D:005FH         SYMBOL        matchheadsize
  C:1E9AH         LINE#         50
BL51 BANKED LINKER/LOCATER V6.22                                                      09/16/2021  09:34:43  PAGE 45


  C:1E9AH         LINE#         51
  C:1EA5H         LINE#         52
  C:1EABH         LINE#         53
  C:1EB5H         LINE#         54
  C:1EC3H         LINE#         55
  C:1ECAH         LINE#         56
  C:1ECCH         LINE#         57
  -------         ENDPROC       _SETUART1RXD
  -------         PROC          _UART1PRINT
  D:0001H         SYMBOL        pt
  D:0004H         SYMBOL        num
  C:205AH         LINE#         59
  C:205AH         LINE#         60
  C:2060H         LINE#         61
  C:206BH         LINE#         62
  C:2070H         LINE#         63
  C:2076H         LINE#         64
  C:207AH         LINE#         65
  C:207CH         LINE#         66
  C:207FH         LINE#         67
  C:207FH         LINE#         68
  C:2081H         LINE#         69
  -------         ENDPROC       _UART1PRINT
  -------         PROC          GETUART1TXSTATUS
  C:23D4H         LINE#         71
  C:23D4H         LINE#         72
  C:23DCH         LINE#         73
  C:23DEH         LINE#         74
  -------         ENDPROC       GETUART1TXSTATUS
  -------         ENDMOD        UART1

  -------         MODULE        ?C?FPMUL
  C:0056H         PUBLIC        ?C?FPMUL
  -------         ENDMOD        ?C?FPMUL

  -------         MODULE        ?C?FPCMP
  C:015EH         PUBLIC        ?C?FPCMP
  C:015CH         PUBLIC        ?C?FPCMP3
  -------         ENDMOD        ?C?FPCMP

  -------         MODULE        ?C?FCAST
  C:01DFH         PUBLIC        ?C?FCASTC
  C:01DAH         PUBLIC        ?C?FCASTI
  C:01D5H         PUBLIC        ?C?FCASTL
  -------         ENDMOD        ?C?FCAST

  -------         MODULE        ?C?COPY
  C:032DH         PUBLIC        ?C?COPY
  -------         ENDMOD        ?C?COPY

  -------         MODULE        ?C?CLDOPTR
  C:0353H         PUBLIC        ?C?CLDOPTR
  -------         ENDMOD        ?C?CLDOPTR

  -------         MODULE        ?C?CSTOPTR
  C:0380H         PUBLIC        ?C?CSTOPTR
  -------         ENDMOD        ?C?CSTOPTR
BL51 BANKED LINKER/LOCATER V6.22                                                      09/16/2021  09:34:43  PAGE 46



  -------         MODULE        ?C?UIDIV
  C:03A2H         PUBLIC        ?C?UIDIV
  -------         ENDMOD        ?C?UIDIV

  -------         MODULE        ?C?SIDIV
  C:03F7H         PUBLIC        ?C?SIDIV
  -------         ENDMOD        ?C?SIDIV

  -------         MODULE        ?C?IILDX
  C:042DH         PUBLIC        ?C?IILDX
  -------         ENDMOD        ?C?IILDX

  -------         MODULE        ?C?ILDIX
  C:0443H         PUBLIC        ?C?ILDIX
  -------         ENDMOD        ?C?ILDIX

  -------         MODULE        ?C?LMUL
  C:0459H         PUBLIC        ?C?LMUL
  -------         ENDMOD        ?C?LMUL

  -------         MODULE        ?C?ULDIV
  C:04E4H         PUBLIC        ?C?ULDIV
  -------         ENDMOD        ?C?ULDIV

  -------         MODULE        ?C?SLDIV
  C:1CF1H         PUBLIC        ?C?SLDIV
  -------         ENDMOD        ?C?SLDIV

  -------         MODULE        ?C?LNEG
  C:0576H         PUBLIC        ?C?LNEG
  -------         ENDMOD        ?C?LNEG

  -------         MODULE        ?C?ULSHR
  C:0584H         PUBLIC        ?C?ULSHR
  -------         ENDMOD        ?C?ULSHR

  -------         MODULE        ?C?SLSHR
  C:0597H         PUBLIC        ?C?SLSHR
  -------         ENDMOD        ?C?SLSHR

  -------         MODULE        ?C?LSHL
  C:05ABH         PUBLIC        ?C?LSHL
  -------         ENDMOD        ?C?LSHL

  -------         MODULE        ?C?LLDCODE
  C:05BEH         PUBLIC        ?C?LLDCODE
  -------         ENDMOD        ?C?LLDCODE

  -------         MODULE        ?C?LSTXDATA
  C:05CEH         PUBLIC        ?C?LSTXDATA
  -------         ENDMOD        ?C?LSTXDATA

  -------         MODULE        ?C?OFFXADD
  C:05DAH         PUBLIC        ?C?OFFXADD
  -------         ENDMOD        ?C?OFFXADD

BL51 BANKED LINKER/LOCATER V6.22                                                      09/16/2021  09:34:43  PAGE 47


  -------         MODULE        ?C?ICALL
  C:05E6H         PUBLIC        ?C?ICALL
  C:05EAH         PUBLIC        ?C?ICALL2
  -------         ENDMOD        ?C?ICALL

  -------         MODULE        ?C_IBP
  D:0077H         PUBLIC        ?C_IBP
  -------         ENDMOD        ?C_IBP

*** WARNING L16: UNCALLED SEGMENT, IGNORED FOR OVERLAY PROCESS
    SEGMENT: ?PR?MYUART1RXD_CALLBACK?MAIN

*** WARNING L16: UNCALLED SEGMENT, IGNORED FOR OVERLAY PROCESS
    SEGMENT: ?PR?MYUART2RXD_CALLBACK?MAIN

*** WARNING L16: UNCALLED SEGMENT, IGNORED FOR OVERLAY PROCESS
    SEGMENT: ?PR?MYIRRXD_CALLBACK?MAIN

*** WARNING L16: UNCALLED SEGMENT, IGNORED FOR OVERLAY PROCESS
    SEGMENT: ?PR?BEEPINIT?BEEP

*** WARNING L16: UNCALLED SEGMENT, IGNORED FOR OVERLAY PROCESS
    SEGMENT: ?PR?GETBEEPSTATUS?BEEP

*** WARNING L16: UNCALLED SEGMENT, IGNORED FOR OVERLAY PROCESS
    SEGMENT: ?PR?GETULTRASONIC?SYS

*** WARNING L16: UNCALLED SEGMENT, IGNORED FOR OVERLAY PROCESS
    SEGMENT: ?PR?GETSYSPERFORMANCE?SYS

*** WARNING L16: UNCALLED SEGMENT, IGNORED FOR OVERLAY PROCESS
    SEGMENT: ?PR?_SETPWM?EXT

*** WARNING L16: UNCALLED SEGMENT, IGNORED FOR OVERLAY PROCESS
    SEGMENT: ?PR?GETDECODE?EXT

*** WARNING L16: UNCALLED SEGMENT, IGNORED FOR OVERLAY PROCESS
    SEGMENT: ?PR?GETIRRXNUM?IR

*** WARNING L16: UNCALLED SEGMENT, IGNORED FOR OVERLAY PROCESS
    SEGMENT: ?PR?_IRTXDSET?IR

*** WARNING L16: UNCALLED SEGMENT, IGNORED FOR OVERLAY PROCESS
    SEGMENT: ?PR?GETUART1TXSTATUS?UART1

*** WARNING L1: UNRESOLVED EXTERNAL SYMBOL
    SYMBOL:  DEALWITHIRRXD
    MODULE:  .\output\main.obj (MAIN)

*** WARNING L2: REFERENCE MADE TO UNRESOLVED EXTERNAL
    SYMBOL:  DEALWITHIRRXD
    MODULE:  .\output\main.obj (MAIN)
    ADDRESS: 0027H

Program Size: data=120.6 xdata=233 code=9287
LINK/LOCATE RUN COMPLETE.  14 WARNING(S),  0 ERROR(S)
